2025-12-27 23:01:09.781 [info] Reading sessions from keychain...
2025-12-27 23:01:09.781 [info] Getting sessions for all scopes...
2025-12-27 23:01:09.781 [info] Got stored sessions!
2025-12-27 23:01:09.781 [info] Got 1 verified sessions.
2025-12-27 23:01:09.781 [info] Got 1 sessions for ...
2025-12-27 23:01:09.781 [info] Getting sessions for all scopes...
2025-12-27 23:01:09.781 [info] Got 1 sessions for ...
2025-12-27 23:01:09.781 [info] Getting sessions for all scopes...
2025-12-27 23:01:09.781 [info] Got 1 sessions for ...
2025-12-27 23:01:09.781 [info] Getting sessions for all scopes...
2025-12-27 23:01:09.781 [info] Got 1 sessions for ...
2025-12-27 23:01:09.781 [info] Getting sessions for all scopes...
2025-12-27 23:01:09.781 [info] Got 1 sessions for ...
2025-12-27 23:01:09.781 [info] Getting sessions for all scopes...
2025-12-27 23:01:09.781 [info] Got 1 sessions for ...
2025-12-27 23:01:09.781 [info] Getting sessions for all scopes...
2025-12-27 23:01:09.781 [info] Got 1 sessions for ...
2025-12-27 23:01:09.781 [info] Getting sessions for all scopes...
2025-12-27 23:01:09.781 [info] Got 1 sessions for ...
2025-12-27 23:01:09.781 [info] Getting sessions for all scopes...
2025-12-27 23:01:09.781 [info] Got 1 sessions for ...
2025-12-27 23:01:09.781 [info] Getting sessions for all scopes...
2025-12-27 23:01:09.781 [info] Got 1 sessions for ...
2025-12-27 23:01:09.781 [info] Getting sessions for all scopes...
2025-12-27 23:01:09.781 [info] Got 1 sessions for ...
2025-12-27 23:01:09.781 [info] Getting sessions for all scopes...
2025-12-27 23:01:09.781 [info] Got 1 sessions for ...
2025-12-27 23:01:09.781 [info] Getting sessions for all scopes...
2025-12-27 23:01:09.781 [info] Got 1 sessions for ...
2025-12-27 23:01:09.802 [info] Getting sessions for all scopes...
2025-12-27 23:01:09.802 [info] Got 1 sessions for ...
2025-12-27 23:01:11.651 [info] Getting sessions for all scopes...
2025-12-27 23:01:11.651 [info] Got 1 sessions for ...
2025-12-27 23:04:58.780 [info] Reading sessions from keychain...
2025-12-27 23:04:58.780 [info] Getting sessions for all scopes...
2025-12-27 23:04:58.780 [info] Got stored sessions!
2025-12-27 23:04:58.780 [info] Got 1 verified sessions.
2025-12-27 23:04:58.780 [info] Got 1 sessions for ...
2025-12-27 23:04:58.780 [info] Getting sessions for all scopes...
2025-12-27 23:04:58.780 [info] Got 1 sessions for ...
2025-12-27 23:04:58.780 [info] Getting sessions for all scopes...
2025-12-27 23:04:58.780 [info] Got 1 sessions for ...
2025-12-27 23:04:58.780 [info] Getting sessions for all scopes...
2025-12-27 23:04:58.780 [info] Got 1 sessions for ...
2025-12-27 23:04:58.799 [info] Getting sessions for all scopes...
2025-12-27 23:04:58.799 [info] Got 1 sessions for ...
