2025-12-27 23:39:45.999 [info] Reading sessions from keychain...
2025-12-27 23:39:45.999 [info] Getting sessions for all scopes...
2025-12-27 23:39:45.999 [info] Got stored sessions!
2025-12-27 23:39:45.999 [info] Got 1 verified sessions.
2025-12-27 23:39:45.999 [info] Got 1 sessions for ...
2025-12-27 23:39:45.999 [info] Getting sessions for all scopes...
2025-12-27 23:39:45.999 [info] Got 1 sessions for ...
2025-12-27 23:39:45.999 [info] Getting sessions for all scopes...
2025-12-27 23:39:45.999 [info] Got 1 sessions for ...
2025-12-27 23:39:45.999 [info] Getting sessions for all scopes...
2025-12-27 23:39:45.999 [info] Got 1 sessions for ...
2025-12-27 23:39:45.999 [info] Getting sessions for all scopes...
2025-12-27 23:39:45.999 [info] Got 1 sessions for ...
2025-12-27 23:39:45.999 [info] Getting sessions for all scopes...
2025-12-27 23:39:45.999 [info] Got 1 sessions for ...
2025-12-27 23:39:45.999 [info] Getting sessions for all scopes...
2025-12-27 23:39:45.999 [info] Got 1 sessions for ...
2025-12-27 23:39:45.999 [info] Getting sessions for all scopes...
2025-12-27 23:39:45.999 [info] Got 1 sessions for ...
2025-12-27 23:39:46.050 [info] Getting sessions for all scopes...
2025-12-27 23:39:46.050 [info] Got 1 sessions for ...
2025-12-27 23:39:46.050 [info] Getting sessions for all scopes...
2025-12-27 23:39:46.050 [info] Got 1 sessions for ...
2025-12-27 23:39:46.050 [info] Getting sessions for all scopes...
2025-12-27 23:39:46.050 [info] Got 1 sessions for ...
2025-12-27 23:39:46.050 [info] Getting sessions for all scopes...
2025-12-27 23:39:46.050 [info] Got 1 sessions for ...
2025-12-27 23:39:46.051 [info] Getting sessions for all scopes...
2025-12-27 23:39:46.051 [info] Got 1 sessions for ...
2025-12-27 23:39:46.051 [info] Getting sessions for all scopes...
2025-12-27 23:39:46.051 [info] Got 1 sessions for ...
2025-12-27 23:39:46.667 [info] Getting sessions for read:user,repo,user:email,workflow...
2025-12-27 23:39:46.668 [info] Got 0 sessions for read:user,repo,user:email,workflow...
2025-12-27 23:39:47.929 [info] Getting sessions for all scopes...
2025-12-27 23:39:47.929 [info] Got 1 sessions for ...
