2025-12-28 09:25:21.180 [info] Reading sessions from keychain...
2025-12-28 09:25:21.180 [info] Getting sessions for all scopes...
2025-12-28 09:25:21.273 [info] Got stored sessions!
2025-12-28 09:25:21.273 [info] Got 1 verified sessions.
2025-12-28 09:25:21.273 [info] Got 1 sessions for ...
2025-12-28 09:25:21.273 [info] Getting sessions for all scopes...
2025-12-28 09:25:21.273 [info] Got 1 sessions for ...
2025-12-28 09:25:21.273 [info] Getting sessions for all scopes...
2025-12-28 09:25:21.273 [info] Got 1 sessions for ...
2025-12-28 09:25:21.273 [info] Getting sessions for all scopes...
2025-12-28 09:25:21.273 [info] Got 1 sessions for ...
2025-12-28 09:25:21.273 [info] Getting sessions for all scopes...
2025-12-28 09:25:21.273 [info] Got 1 sessions for ...
2025-12-28 09:25:21.273 [info] Getting sessions for all scopes...
2025-12-28 09:25:21.273 [info] Got 1 sessions for ...
2025-12-28 09:25:21.273 [info] Getting sessions for all scopes...
2025-12-28 09:25:21.273 [info] Got 1 sessions for ...
2025-12-28 09:25:21.274 [info] Getting sessions for all scopes...
2025-12-28 09:25:21.274 [info] Got 1 sessions for ...
2025-12-28 09:25:21.274 [info] Getting sessions for all scopes...
2025-12-28 09:25:21.274 [info] Got 1 sessions for ...
2025-12-28 09:25:21.412 [info] Getting sessions for all scopes...
2025-12-28 09:25:21.412 [info] Got 1 sessions for ...
2025-12-28 09:25:21.413 [info] Getting sessions for all scopes...
2025-12-28 09:25:21.413 [info] Got 1 sessions for ...
2025-12-28 09:25:21.413 [info] Getting sessions for all scopes...
2025-12-28 09:25:21.413 [info] Got 1 sessions for ...
2025-12-28 09:25:21.413 [info] Getting sessions for all scopes...
2025-12-28 09:25:21.413 [info] Got 1 sessions for ...
2025-12-28 09:25:21.413 [info] Getting sessions for all scopes...
2025-12-28 09:25:21.413 [info] Got 1 sessions for ...
2025-12-28 09:25:21.413 [info] Getting sessions for all scopes...
2025-12-28 09:25:21.413 [info] Got 1 sessions for ...
2025-12-28 09:25:21.783 [info] Getting sessions for read:user,repo,user:email,workflow...
2025-12-28 09:25:21.783 [info] Got 0 sessions for read:user,repo,user:email,workflow...
2025-12-28 09:25:23.583 [info] Getting sessions for all scopes...
2025-12-28 09:25:23.583 [info] Got 1 sessions for ...
