2025-12-27 23:01:10.144 [info] /home/thinker/.config/VSCodium/User/settings.json closed
2025-12-27 23:01:10.233 [info] /home/thinker/.config/VSCodium/User/settings.json closed
2025-12-27 23:01:10.233 [info] /home/thinker/.config/VSCodium/User/settings.json closed
2025-12-27 23:01:10.282 [info] Configuration changed
2025-12-27 23:01:10.317 [info] /home/thinker/.config/VSCodium/User/settings.json closed
2025-12-27 23:01:10.322 [info] /home/thinker/.config/VSCodium/User/settings.json closed
2025-12-27 23:01:10.326 [info] /home/thinker/.config/VSCodium/User/settings.json closed
2025-12-27 23:01:11.354 [info] /home/thinker/.config/VSCodium/User/settings.json closed
2025-12-27 23:01:11.360 [info] /home/thinker/.config/VSCodium/User/settings.json closed
2025-12-27 23:01:11.364 [info] /home/thinker/.config/VSCodium/User/settings.json closed
2025-12-27 23:01:11.619 [info] Configuration changed
2025-12-27 23:01:11.664 [info] /home/thinker/.config/VSCodium/User/settings.json closed
2025-12-27 23:01:11.680 [info] /home/thinker/.config/VSCodium/User/settings.json closed
2025-12-27 23:01:11.684 [info] /home/thinker/.config/VSCodium/User/settings.json closed
2025-12-27 23:01:13.184 [info] Configuration changed
2025-12-27 23:01:13.390 [info] /home/thinker/.config/VSCodium/User/settings.json closed
2025-12-27 23:01:13.403 [info] /home/thinker/.config/VSCodium/User/settings.json closed
2025-12-27 23:01:13.408 [info] /home/thinker/.config/VSCodium/User/settings.json closed
2025-12-27 23:01:13.628 [info] Configuration changed
2025-12-27 23:01:13.664 [info] /home/thinker/.config/VSCodium/User/settings.json closed
2025-12-27 23:01:13.670 [info] /home/thinker/.config/VSCodium/User/settings.json closed
2025-12-27 23:01:13.676 [info] /home/thinker/.config/VSCodium/User/settings.json closed
2025-12-27 23:01:25.334 [info] Active editor: file:///home/thinker/.config/ardour8/my-adwaita_dark-ardour-8.12.colors
2025-12-27 23:01:35.559 [info] Active editor: file:///home/thinker/.config/ardour9/my-adwaita_dark-ardour-9.0.colors
2025-12-27 23:01:35.615 [info] /home/thinker/.config/VSCodium/User/settings.json closed
2025-12-27 23:01:35.622 [info] /home/thinker/.config/VSCodium/User/settings.json closed
2025-12-27 23:01:35.626 [info] /home/thinker/.config/VSCodium/User/settings.json closed
2025-12-27 23:01:39.537 [info] Active editor: file:///home/thinker/.config/ardour9/my-adwaita_dark-ardour-9.0.colors
2025-12-27 23:01:41.400 [info] /home/thinker/.config/VSCodium/User/settings.json closed
2025-12-27 23:01:41.408 [info] /home/thinker/.config/VSCodium/User/settings.json closed
2025-12-27 23:01:41.411 [info] /home/thinker/.config/VSCodium/User/settings.json closed
2025-12-27 23:01:45.674 [info] Active editor: file:///home/thinker/.config/ardour9/my-adwaita_dark-ardour-9.0.colors
2025-12-27 23:01:46.585 [info] Active editor: file:///home/thinker/.config/ardour9/my-adwaita_dark-ardour-9.0.colors
2025-12-27 23:01:51.066 [info] Active editor: file:///home/thinker/.config/ardour9/my-adwaita_dark-ardour-9.0.colors
2025-12-27 23:01:53.109 [info] Active editor: file:///home/thinker/.config/ardour8/my-adwaita_dark-ardour-8.12.colors
2025-12-27 23:02:01.313 [info] Active editor: file:///home/thinker/.config/ardour9/my-adwaita_dark-ardour-9.0.colors
2025-12-27 23:02:28.105 [info] /home/thinker/.config/VSCodium/User/settings.json closed
2025-12-27 23:02:28.109 [info] /home/thinker/.config/VSCodium/User/settings.json closed
2025-12-27 23:02:28.112 [info] /home/thinker/.config/VSCodium/User/settings.json closed
2025-12-27 23:02:38.000 [info] Active editor: file:///home/thinker/.config/ardour9/my-adwaita_dark-ardour-9.0.colors
2025-12-27 23:02:39.080 [info] Active editor: file:///home/thinker/.config/ardour8/my-adwaita_dark-ardour-8.12.colors
2025-12-27 23:02:42.379 [info] /home/thinker/.config/ardour8/my-adwaita_dark-ardour-8.12.colors closed
2025-12-27 23:02:42.380 [info] Active editor: file:///home/thinker/.config/ardour9/my-adwaita_dark-ardour-9.0.colors
2025-12-27 23:02:46.781 [info] Active editor: file:///home/thinker/.config/ardour9/my-adwaita_dark-ardour-9.0.colors
2025-12-27 23:02:48.488 [info] Active editor: file:///home/thinker/.config/ardour9/my-adwaita_dark-ardour-9.0.colors
2025-12-27 23:02:57.877 [info] Active editor: file:///home/thinker/.config/ardour8/my-adwaita_dark-ardour-8.12.colors
2025-12-27 23:02:59.144 [info] Active editor: file:///home/thinker/.config/ardour9/my-adwaita_dark-ardour-9.0.colors
2025-12-27 23:03:03.096 [info] Active editor: file:///home/thinker/.config/ardour8/my-adwaita_dark-ardour-8.12.colors
2025-12-27 23:03:09.258 [info] Active editor: file:///home/thinker/.config/ardour9/my-adwaita_dark-ardour-9.0.colors
2025-12-27 23:04:03.417 [info] /home/thinker/.config/VSCodium/User/settings.json closed
2025-12-27 23:04:03.420 [info] /home/thinker/.config/VSCodium/User/settings.json closed
2025-12-27 23:04:03.424 [info] /home/thinker/.config/VSCodium/User/settings.json closed
2025-12-27 23:04:05.165 [info] /home/thinker/.config/VSCodium/User/settings.json closed
2025-12-27 23:04:05.168 [info] /home/thinker/.config/VSCodium/User/settings.json closed
2025-12-27 23:04:05.171 [info] /home/thinker/.config/VSCodium/User/settings.json closed
2025-12-27 23:04:05.650 [info] /home/thinker/.config/VSCodium/User/settings.json closed
2025-12-27 23:04:05.653 [info] /home/thinker/.config/VSCodium/User/settings.json closed
2025-12-27 23:04:05.657 [info] /home/thinker/.config/VSCodium/User/settings.json closed
2025-12-27 23:04:06.871 [info] Active editor: file:///home/thinker/.config/ardour8/my-adwaita_dark-ardour-8.12.colors
2025-12-27 23:04:08.163 [info] Active editor: file:///home/thinker/.config/ardour9/my-adwaita_dark-ardour-9.0.colors
2025-12-27 23:04:10.587 [info] / closed
2025-12-27 23:04:11.615 [info] /home/thinker/.config/VSCodium/User/settings.json closed
2025-12-27 23:04:11.622 [info] /home/thinker/.config/VSCodium/User/settings.json closed
2025-12-27 23:04:11.626 [info] /home/thinker/.config/VSCodium/User/settings.json closed
2025-12-27 23:04:12.894 [info] /home/thinker/.config/ardour8/my-adwaita_dark-ardour-8.12.colors closed
2025-12-27 23:04:12.907 [info] Active editor: file:///home/thinker/.config/ardour9/my-adwaita_dark-ardour-9.0.colors
2025-12-27 23:04:13.367 [info] Active editor: file:///home/thinker/.config/ardour9/my-adwaita_dark-ardour-9.0.colors
2025-12-27 23:04:19.975 [info] Active editor: file:///home/thinker/.config/ardour9/my-adwaita_dark-ardour-9.0.colors
2025-12-27 23:04:24.506 [info] Active editor: file:///home/thinker/.config/ardour9/my-adwaita_dark-ardour-9.0.colors
2025-12-27 23:04:25.113 [info] Active editor: file:///home/thinker/.config/ardour9/my-adwaita_dark-ardour-9.0.colors
