2025-12-27 19:43:31.685 [info] Reading sessions from keychain...
2025-12-27 19:43:31.685 [info] Getting sessions for all scopes...
2025-12-27 19:43:31.685 [info] Got stored sessions!
2025-12-27 19:43:31.685 [info] Got 1 verified sessions.
2025-12-27 19:43:31.685 [info] Got 1 sessions for ...
2025-12-27 19:43:31.685 [info] Getting sessions for all scopes...
2025-12-27 19:43:31.685 [info] Got 1 sessions for ...
2025-12-27 19:43:31.685 [info] Getting sessions for all scopes...
2025-12-27 19:43:31.685 [info] Got 1 sessions for ...
2025-12-27 19:43:31.685 [info] Getting sessions for all scopes...
2025-12-27 19:43:31.685 [info] Got 1 sessions for ...
2025-12-27 19:43:31.685 [info] Getting sessions for all scopes...
2025-12-27 19:43:31.685 [info] Got 1 sessions for ...
2025-12-27 19:43:31.685 [info] Getting sessions for all scopes...
2025-12-27 19:43:31.685 [info] Got 1 sessions for ...
2025-12-27 19:43:31.685 [info] Getting sessions for all scopes...
2025-12-27 19:43:31.685 [info] Got 1 sessions for ...
2025-12-27 19:43:31.685 [info] Getting sessions for all scopes...
2025-12-27 19:43:31.685 [info] Got 1 sessions for ...
2025-12-27 19:43:31.685 [info] Getting sessions for all scopes...
2025-12-27 19:43:31.685 [info] Got 1 sessions for ...
2025-12-27 19:43:31.717 [info] Getting sessions for all scopes...
2025-12-27 19:43:31.717 [info] Got 1 sessions for ...
2025-12-27 19:43:31.718 [info] Getting sessions for all scopes...
2025-12-27 19:43:31.718 [info] Got 1 sessions for ...
2025-12-27 19:43:31.718 [info] Getting sessions for all scopes...
2025-12-27 19:43:31.718 [info] Got 1 sessions for ...
2025-12-27 19:43:31.718 [info] Getting sessions for all scopes...
2025-12-27 19:43:31.718 [info] Got 1 sessions for ...
2025-12-27 19:43:31.718 [info] Getting sessions for all scopes...
2025-12-27 19:43:31.718 [info] Got 1 sessions for ...
2025-12-27 19:43:31.718 [info] Getting sessions for all scopes...
2025-12-27 19:43:31.718 [info] Got 1 sessions for ...
