2025-12-27 20:57:42.195 [info] [main] Log level: Info
2025-12-27 20:57:42.195 [info] [main] Validating found git in: "git"
2025-12-27 20:57:42.195 [info] [main] Using git "2.52.0" from "git"
2025-12-27 20:57:42.195 [info] [Model][doInitialScan] Initial repository scan started
2025-12-27 20:57:42.195 [info] > git rev-parse --show-toplevel [2ms]
2025-12-27 20:57:42.195 [info] > git rev-parse --git-dir --git-common-dir --show-superproject-working-tree [2ms]
2025-12-27 20:57:42.195 [info] [Model][openRepository] Opened repository (path): /home/thinker/JACKDAWS
2025-12-27 20:57:42.195 [info] [Model][openRepository] Opened repository (real path): /home/thinker/JACKDAWS
2025-12-27 20:57:42.195 [info] [Model][openRepository] Opened repository (kind): repository
2025-12-27 20:57:42.195 [info] > git config --get commit.template [4ms]
2025-12-27 20:57:42.195 [info] > git rev-parse --show-toplevel [4ms]
2025-12-27 20:57:42.195 [info] > git for-each-ref --format=%(refname)%00%(upstream:short)%00%(objectname)%00%(upstream:track)%00%(upstream:remotename)%00%(upstream:remoteref) refs/heads/master refs/remotes/master [4ms]
2025-12-27 20:57:42.195 [warning] [Git][revParse] Unable to read file: ENOENT: no such file or directory, open '/home/thinker/JACKDAWS/.git/refs/remotes/origin/master'
2025-12-27 20:57:42.195 [info] > git rev-parse --show-toplevel [3ms]
2025-12-27 20:57:42.195 [info] > git rev-parse refs/remotes/origin/master [3ms]
2025-12-27 20:57:42.195 [info] > git rev-parse --show-toplevel [9ms]
2025-12-27 20:57:42.195 [info] > git for-each-ref --sort -committerdate --format %(refname)%00%(objectname)%00%(*objectname) [11ms]
2025-12-27 20:57:42.195 [info] > git rev-parse --show-toplevel [11ms]
2025-12-27 20:57:42.443 [info] > git rev-parse --show-toplevel [245ms]
2025-12-27 20:57:42.501 [info] > git rev-parse --show-toplevel [6ms]
2025-12-27 20:57:42.530 [info] > git rev-parse --show-toplevel [25ms]
2025-12-27 20:57:42.642 [info] > git rev-parse --show-toplevel [108ms]
2025-12-27 20:57:42.662 [info] > git rev-parse --show-toplevel [7ms]
2025-12-27 20:57:42.673 [info] > git rev-parse --show-toplevel [7ms]
2025-12-27 20:57:42.685 [info] > git rev-parse --show-toplevel [1ms]
2025-12-27 20:57:42.688 [info] > git rev-parse --show-toplevel [1ms]
2025-12-27 20:57:42.691 [info] > git rev-parse --show-toplevel [1ms]
2025-12-27 20:57:42.691 [info] [Model][doInitialScan] Initial repository scan completed - repositories (1), closed repositories (0), parent repositories (0), unsafe repositories (0)
2025-12-27 20:57:42.700 [info] > git show --textconv :README-GITHUB.txt [6ms]
2025-12-27 20:57:42.701 [info] > git ls-files --stage -- README-GITHUB.txt [5ms]
2025-12-27 20:57:42.705 [info] > git check-ignore -v -z --stdin [5ms]
2025-12-27 20:57:42.705 [info] > git cat-file -s 680377fb74ac9bcd02f56ab6c307138055d7d592 [1ms]
2025-12-27 20:57:42.786 [info] > git fetch [642ms]
2025-12-27 20:57:42.797 [info] > git status -z -uall [623ms] (cancelled)
2025-12-27 20:57:42.797 [info] > git for-each-ref --format=%(refname)%00%(upstream:short)%00%(objectname)%00%(upstream:track)%00%(upstream:remotename)%00%(upstream:remoteref) refs/heads/master refs/remotes/master [7ms]
2025-12-27 20:57:42.808 [info] > git config --get commit.template [12ms]
2025-12-27 20:57:42.808 [info] > git config --get commit.template [14ms]
2025-12-27 20:57:42.808 [info] > git config --get --local branch.master.vscode-merge-base [8ms]
2025-12-27 20:57:42.820 [info] > git for-each-ref --format=%(refname)%00%(upstream:short)%00%(objectname)%00%(upstream:track)%00%(upstream:remotename)%00%(upstream:remoteref) refs/heads/master refs/remotes/master [3ms]
2025-12-27 20:57:42.821 [info] > git for-each-ref --format=%(refname)%00%(upstream:short)%00%(objectname)%00%(upstream:track)%00%(upstream:remotename)%00%(upstream:remoteref) refs/heads/master refs/remotes/master [6ms]
2025-12-27 20:57:42.821 [info] > git for-each-ref --format=%(refname)%00%(upstream:short)%00%(objectname)%00%(upstream:track)%00%(upstream:remotename)%00%(upstream:remoteref) refs/heads/origin/master refs/remotes/origin/master [10ms]
2025-12-27 20:57:42.828 [warning] [Git][revParse] Unable to read file: ENOENT: no such file or directory, open '/home/thinker/JACKDAWS/.git/refs/remotes/origin/master'
2025-12-27 20:57:42.829 [warning] [Git][revParse] Unable to read file: ENOENT: no such file or directory, open '/home/thinker/JACKDAWS/.git/refs/remotes/origin/master'
2025-12-27 20:57:42.831 [info] > git rev-parse refs/remotes/origin/master [2ms]
2025-12-27 20:57:42.834 [info] > git rev-parse refs/remotes/origin/master [7ms]
2025-12-27 20:57:42.839 [info] > git merge-base refs/heads/master refs/remotes/origin/master [14ms]
2025-12-27 20:57:42.842 [info] > git for-each-ref --sort -committerdate --format %(refname)%00%(objectname)%00%(*objectname) [3ms]
2025-12-27 20:57:42.843 [info] > git merge-base refs/heads/master refs/remotes/origin/master [10ms]
2025-12-27 20:57:42.846 [info] > git diff --name-status -z --diff-filter=ADMR --find-renames=50% a64c8a83b98b54e42793dd8572a7eeb0da634c18...refs/remotes/origin/master -- [4ms]
2025-12-27 20:57:42.847 [info] > git diff --name-status -z --diff-filter=ADMR --find-renames=50% a64c8a83b98b54e42793dd8572a7eeb0da634c18...refs/remotes/origin/master -- [2ms]
2025-12-27 20:57:42.901 [info] > git blame --root --incremental a64c8a83b98b54e42793dd8572a7eeb0da634c18 -- README-GITHUB.txt [186ms]
2025-12-27 20:57:43.141 [info] > git status -z -uall [305ms]
2025-12-27 20:57:43.980 [info] > git ls-files --stage -- README-GITHUB.txt [2ms]
2025-12-27 20:57:43.984 [info] > git cat-file -s 680377fb74ac9bcd02f56ab6c307138055d7d592 [1ms]
2025-12-27 20:57:43.993 [info] > git show --textconv :README-GITHUB.txt [2ms]
2025-12-27 20:58:20.334 [info] [main] Log level: Info
2025-12-27 20:58:20.334 [info] [main] Validating found git in: "git"
2025-12-27 20:58:20.334 [info] [main] Using git "2.52.0" from "git"
2025-12-27 20:58:20.334 [info] [Model][doInitialScan] Initial repository scan started
2025-12-27 20:58:20.334 [info] > git rev-parse --show-toplevel [4ms]
2025-12-27 20:58:20.341 [info] > git rev-parse --git-dir --git-common-dir --show-superproject-working-tree [2ms]
2025-12-27 20:58:20.353 [info] [Model][openRepository] Opened repository (path): /home/thinker/JACKDAWS
2025-12-27 20:58:20.353 [info] [Model][openRepository] Opened repository (real path): /home/thinker/JACKDAWS
2025-12-27 20:58:20.353 [info] [Model][openRepository] Opened repository (kind): repository
2025-12-27 20:58:20.365 [info] > git config --get commit.template [8ms]
2025-12-27 20:58:20.386 [info] > git for-each-ref --format=%(refname)%00%(upstream:short)%00%(objectname)%00%(upstream:track)%00%(upstream:remotename)%00%(upstream:remoteref) refs/heads/master refs/remotes/master [17ms]
2025-12-27 20:58:20.391 [warning] [Git][revParse] Unable to read file: ENOENT: no such file or directory, open '/home/thinker/JACKDAWS/.git/refs/remotes/origin/master'
2025-12-27 20:58:20.391 [info] > git rev-parse --show-toplevel [5ms]
2025-12-27 20:58:20.395 [info] > git rev-parse refs/remotes/origin/master [4ms]
2025-12-27 20:58:20.416 [info] > git rev-parse --show-toplevel [21ms]
2025-12-27 20:58:20.421 [info] > git for-each-ref --sort -committerdate --format %(refname)%00%(objectname)%00%(*objectname) [19ms]
2025-12-27 20:58:20.423 [info] > git rev-parse --show-toplevel [2ms]
2025-12-27 20:58:20.428 [info] > git rev-parse --show-toplevel [2ms]
2025-12-27 20:58:20.432 [info] > git rev-parse --show-toplevel [2ms]
2025-12-27 20:58:20.442 [info] > git rev-parse --show-toplevel [7ms]
2025-12-27 20:58:20.446 [info] > git rev-parse --show-toplevel [1ms]
2025-12-27 20:58:20.450 [info] > git rev-parse --show-toplevel [0ms]
2025-12-27 20:58:20.453 [info] > git rev-parse --show-toplevel [0ms]
2025-12-27 20:58:20.457 [info] > git rev-parse --show-toplevel [1ms]
2025-12-27 20:58:20.461 [info] > git rev-parse --show-toplevel [1ms]
2025-12-27 20:58:20.464 [info] > git rev-parse --show-toplevel [1ms]
2025-12-27 20:58:20.468 [info] > git rev-parse --show-toplevel [1ms]
2025-12-27 20:58:20.468 [info] [Model][doInitialScan] Initial repository scan completed - repositories (1), closed repositories (0), parent repositories (0), unsafe repositories (0)
2025-12-27 20:58:20.808 [info] > git status -z -uall [410ms]
2025-12-27 20:58:20.954 [info] > git for-each-ref --format=%(refname)%00%(upstream:short)%00%(objectname)%00%(upstream:track)%00%(upstream:remotename)%00%(upstream:remoteref) refs/heads/master refs/remotes/master [139ms]
2025-12-27 20:58:20.974 [info] > git config --get --local branch.master.vscode-merge-base [16ms]
2025-12-27 20:58:20.978 [info] > git config --get commit.template [24ms]
2025-12-27 20:58:20.978 [info] > git fetch [626ms]
2025-12-27 20:58:21.003 [info] > git for-each-ref --format=%(refname)%00%(upstream:short)%00%(objectname)%00%(upstream:track)%00%(upstream:remotename)%00%(upstream:remoteref) refs/heads/origin/master refs/remotes/origin/master [26ms]
2025-12-27 20:58:21.013 [info] > git merge-base refs/heads/master refs/remotes/origin/master [6ms]
2025-12-27 20:58:21.016 [info] > git config --get commit.template [18ms]
2025-12-27 20:58:21.022 [info] > git for-each-ref --format=%(refname)%00%(upstream:short)%00%(objectname)%00%(upstream:track)%00%(upstream:remotename)%00%(upstream:remoteref) refs/heads/master refs/remotes/master [11ms]
2025-12-27 20:58:21.028 [warning] [Git][revParse] Unable to read file: ENOENT: no such file or directory, open '/home/thinker/JACKDAWS/.git/refs/remotes/origin/master'
2025-12-27 20:58:21.031 [info] > git diff --name-status -z --diff-filter=ADMR --find-renames=50% a64c8a83b98b54e42793dd8572a7eeb0da634c18...refs/remotes/origin/master -- [15ms]
2025-12-27 20:58:21.034 [info] > git rev-parse refs/remotes/origin/master [6ms]
2025-12-27 20:58:21.035 [info] > git for-each-ref --format=%(refname)%00%(upstream:short)%00%(objectname)%00%(upstream:track)%00%(upstream:remotename)%00%(upstream:remoteref) refs/heads/master refs/remotes/master [9ms]
2025-12-27 20:58:21.039 [warning] [Git][revParse] Unable to read file: ENOENT: no such file or directory, open '/home/thinker/JACKDAWS/.git/refs/remotes/origin/master'
2025-12-27 20:58:21.041 [info] > git rev-parse refs/remotes/origin/master [2ms]
2025-12-27 20:58:21.049 [info] > git for-each-ref --sort -committerdate --format %(refname)%00%(objectname)%00%(*objectname) [2ms]
2025-12-27 20:58:21.339 [info] > git status -z -uall [295ms]
2025-12-27 20:58:32.363 [info] > git check-ignore -v -z --stdin [5ms]
2025-12-27 20:58:33.387 [info] > git show --textconv :tools/pre-commit [4ms]
2025-12-27 20:58:33.388 [info] > git ls-files --stage -- tools/pre-commit [1ms]
2025-12-27 20:58:33.392 [info] > git cat-file -s 5aa1eb9d2fab3b7507fb18c4ec40613d3abe014e [1ms]
2025-12-27 20:58:33.803 [info] > git show --textconv :tools/peakdump.c [5ms]
2025-12-27 20:58:33.810 [info] > git ls-files --stage -- tools/peakdump.c [9ms]
2025-12-27 20:58:33.816 [info] > git cat-file -s 7d88a294f4e9ce4fc5083fdd63dbe4067450d188 [2ms]
2025-12-27 20:58:34.202 [info] > git blame --root --incremental a64c8a83b98b54e42793dd8572a7eeb0da634c18 -- tools/peakdump.c [243ms]
2025-12-27 20:59:34.940 [info] > git check-ignore -v -z --stdin [3ms]
