2025-12-27 19:43:31.618 [info] Extension host with pid 667429 started
2025-12-27 19:43:31.632 [info] ExtensionService#_doActivateExtension vscode.github-authentication, startup: false, activationEvent: 'onAuthenticationRequest:github'
2025-12-27 19:43:31.653 [info] ExtensionService#_doActivateExtension vscode.emmet, startup: false, activationEvent: 'onLanguage'
2025-12-27 19:43:31.687 [info] ExtensionService#_doActivateExtension vscode.git-base, startup: true, activationEvent: '*', root cause: vscode.git
2025-12-27 19:43:31.689 [info] ExtensionService#_doActivateExtension be5invis.vscode-custom-css, startup: true, activationEvent: '*'
2025-12-27 19:43:31.699 [info] ExtensionService#_doActivateExtension Janne252.fontawesome-autocomplete, startup: true, activationEvent: '*'
2025-12-27 19:43:31.839 [info] ExtensionService#_doActivateExtension vscode.git, startup: true, activationEvent: '*'
2025-12-27 19:43:31.873 [info] ExtensionService#_doActivateExtension vscode.github, startup: true, activationEvent: '*'
2025-12-27 19:43:31.923 [info] Eager extensions activated
2025-12-27 19:43:31.924 [info] ExtensionService#_doActivateExtension vscode.debug-auto-launch, startup: false, activationEvent: 'onStartupFinished'
2025-12-27 19:43:31.925 [info] ExtensionService#_doActivateExtension vscode.merge-conflict, startup: false, activationEvent: 'onStartupFinished'
2025-12-27 19:43:31.937 [info] ExtensionService#_doActivateExtension castrogusttavo.symbols, startup: false, activationEvent: 'onStartupFinished'
2025-12-27 19:43:31.939 [info] ExtensionService#_doActivateExtension esdmr.mpctl, startup: false, activationEvent: 'onStartupFinished'
2025-12-27 19:43:31.985 [info] ExtensionService#_doActivateExtension formulahendry.code-runner, startup: false, activationEvent: 'onStartupFinished'
2025-12-27 19:43:31.994 [info] ExtensionService#_doActivateExtension ms-dotnettools.vscode-dotnet-runtime, startup: false, activationEvent: 'onStartupFinished'
2025-12-27 19:43:32.043 [info] ExtensionService#_doActivateExtension rasyid-kurniawan.live-server-extension, startup: false, activationEvent: 'onStartupFinished'
2025-12-27 19:43:32.044 [info] ExtensionService#_doActivateExtension sainnhe.everforest, startup: false, activationEvent: 'onStartupFinished'
2025-12-27 19:43:32.047 [info] ExtensionService#_doActivateExtension sainnhe.gruvbox-material, startup: false, activationEvent: 'onStartupFinished'
2025-12-27 19:43:32.052 [info] ExtensionService#_doActivateExtension vscodevim.vim, startup: false, activationEvent: 'onStartupFinished'
2025-12-27 19:43:32.113 [info] ExtensionService#_doActivateExtension willasm.project-notes, startup: false, activationEvent: 'onStartupFinished'
2025-12-27 19:43:32.115 [error] Activating extension willasm.project-notes failed due to an error:
2025-12-27 19:43:32.115 [error] TypeError: Cannot read properties of undefined (reading '0')
	at Object.<anonymous> (/home/thinker/.vscode-oss/extensions/willasm.project-notes-1.7.0/src/extension.js:21:55)
	at Module._compile (node:internal/modules/cjs/loader:1714:14)
	at Module._extensions..js (node:internal/modules/cjs/loader:1848:10)
	at Module.load (node:internal/modules/cjs/loader:1448:32)
	at Module._load (node:internal/modules/cjs/loader:1270:12)
	at c._load (node:electron/js2c/node_init:2:17993)
	at e._load (file:///usr/share/vscodium/resources/app/out/vs/workbench/api/node/extensionHostProcess.js:402:6573)
	at t._load (file:///usr/share/vscodium/resources/app/out/vs/workbench/api/node/extensionHostProcess.js:220:28755)
	at r._load (file:///usr/share/vscodium/resources/app/out/vs/workbench/api/node/extensionHostProcess.js:212:24901)
	at TracingChannel.traceSync (node:diagnostics_channel:328:14)
	at wrapModuleLoad (node:internal/modules/cjs/loader:244:24)
	at Module.require (node:internal/modules/cjs/loader:1470:12)
	at require (node:internal/modules/helpers:147:16)
	at xX._doLoadModule (file:///usr/share/vscodium/resources/app/out/vs/workbench/api/node/extensionHostProcess.js:251:1632)
2025-12-27 19:43:32.164 [info] ExtensionService#_doActivateExtension vscode.configuration-editing, startup: false, activationEvent: 'onLanguage:jsonc'
2025-12-27 19:43:32.170 [info] ExtensionService#_doActivateExtension vscode.json-language-features, startup: false, activationEvent: 'onLanguage:jsonc'
2025-12-27 19:43:32.216 [info] ExtensionService#_doActivateExtension vscode.typescript-language-features, startup: false, activationEvent: 'onLanguage:jsonc'
2025-12-27 19:43:32.275 [info] Extension host terminating: renderer closed the MessagePort
2025-12-27 19:43:32.283 [info] Extension host with pid 667429 exiting with code 0
