2025-12-27 19:23:35.367 [info] Extension host with pid 629705 started
2025-12-27 19:23:35.367 [info] Skipping acquiring lock for /home/thinker/.config/VSCodium/User/workspaceStorage/4674e409869412d1a24f5542c5e9ab3c.
2025-12-27 19:23:35.644 [info] ExtensionService#_doActivateExtension vscode.github-authentication, startup: false, activationEvent: 'onAuthenticationRequest:github'
2025-12-27 19:23:35.665 [info] ExtensionService#_doActivateExtension vscode.emmet, startup: false, activationEvent: 'onLanguage'
2025-12-27 19:23:35.677 [info] ExtensionService#_doActivateExtension vscode.css-language-features, startup: false, activationEvent: 'onLanguage:css'
2025-12-27 19:23:35.922 [info] ExtensionService#_doActivateExtension vscode.git-base, startup: true, activationEvent: '*', root cause: vscode.git
2025-12-27 19:23:35.924 [info] ExtensionService#_doActivateExtension be5invis.vscode-custom-css, startup: true, activationEvent: '*'
2025-12-27 19:23:35.933 [info] ExtensionService#_doActivateExtension Janne252.fontawesome-autocomplete, startup: true, activationEvent: '*'
2025-12-27 19:23:35.957 [info] ExtensionService#_doActivateExtension vscode.npm, startup: true, activationEvent: 'workspaceContains:package.json'
2025-12-27 19:23:36.112 [info] ExtensionService#_doActivateExtension vscode.git, startup: true, activationEvent: '*'
2025-12-27 19:23:36.148 [info] ExtensionService#_doActivateExtension vscode.github, startup: true, activationEvent: '*'
2025-12-27 19:23:36.189 [info] ExtensionService#_doActivateExtension vscode.terminal-suggest, startup: false, activationEvent: 'onTerminalShellIntegration:*'
2025-12-27 19:23:36.258 [info] Eager extensions activated
2025-12-27 19:23:36.270 [info] ExtensionService#_doActivateExtension vscode.debug-auto-launch, startup: false, activationEvent: 'onStartupFinished'
2025-12-27 19:23:36.271 [info] ExtensionService#_doActivateExtension vscode.merge-conflict, startup: false, activationEvent: 'onStartupFinished'
2025-12-27 19:23:36.283 [info] ExtensionService#_doActivateExtension castrogusttavo.symbols, startup: false, activationEvent: 'onStartupFinished'
2025-12-27 19:23:36.285 [info] ExtensionService#_doActivateExtension esdmr.mpctl, startup: false, activationEvent: 'onStartupFinished'
2025-12-27 19:23:36.328 [info] ExtensionService#_doActivateExtension formulahendry.code-runner, startup: false, activationEvent: 'onStartupFinished'
2025-12-27 19:23:36.336 [info] ExtensionService#_doActivateExtension ms-dotnettools.vscode-dotnet-runtime, startup: false, activationEvent: 'onStartupFinished'
2025-12-27 19:23:36.385 [info] ExtensionService#_doActivateExtension rasyid-kurniawan.live-server-extension, startup: false, activationEvent: 'onStartupFinished'
2025-12-27 19:23:36.387 [info] ExtensionService#_doActivateExtension sainnhe.everforest, startup: false, activationEvent: 'onStartupFinished'
2025-12-27 19:23:36.390 [info] ExtensionService#_doActivateExtension sainnhe.gruvbox-material, startup: false, activationEvent: 'onStartupFinished'
2025-12-27 19:23:36.395 [info] ExtensionService#_doActivateExtension vscodevim.vim, startup: false, activationEvent: 'onStartupFinished'
2025-12-27 19:23:36.457 [info] ExtensionService#_doActivateExtension willasm.project-notes, startup: false, activationEvent: 'onStartupFinished'
2025-12-27 19:23:36.562 [info] ExtensionService#_doActivateExtension vscode.configuration-editing, startup: false, activationEvent: 'onLanguage:jsonc'
2025-12-27 19:23:36.570 [info] ExtensionService#_doActivateExtension vscode.json-language-features, startup: false, activationEvent: 'onLanguage:jsonc'
2025-12-27 19:23:36.608 [info] ExtensionService#_doActivateExtension vscode.typescript-language-features, startup: false, activationEvent: 'onLanguage:jsonc'
2025-12-27 19:23:41.675 [info] ExtensionService#_doActivateExtension vscode.extension-editing, startup: false, activationEvent: 'onLanguage:json'
2025-12-27 19:23:41.682 [info] ExtensionService#_doActivateExtension ZainChen.json, startup: false, activationEvent: 'onLanguage:json'
2025-12-27 19:24:42.972 [error] ["The name is not activatable"]
2025-12-27 19:24:42.972 [error] ["The name is not activatable"]
2025-12-27 19:24:43.134 [error] ["The name is not activatable"]
2025-12-27 19:26:10.816 [error] ["The name is not activatable"]
2025-12-27 19:26:10.816 [error] ["The name is not activatable"]
2025-12-27 19:33:05.538 [error] Error: [UriError]: Scheme is missing: {scheme: "", authority: "", path: "", query: "", fragment: ""}
	at hO (file:///usr/share/vscodium/resources/app/out/vs/workbench/api/node/extensionHostProcess.js:28:56018)
	at new Hv (file:///usr/share/vscodium/resources/app/out/vs/workbench/api/node/extensionHostProcess.js:28:57453)
	at new el (file:///usr/share/vscodium/resources/app/out/vs/workbench/api/node/extensionHostProcess.js:28:59175)
	at Hv.parse (file:///usr/share/vscodium/resources/app/out/vs/workbench/api/node/extensionHostProcess.js:28:57954)
	at gl.update (/home/thinker/.vscode-oss/extensions/esdmr.mpctl-0.2.0/dist/index.js:72:1020)
	at As.callback (/home/thinker/.vscode-oss/extensions/esdmr.mpctl-0.2.0/dist/index.js:61:6337)
	at process.processTicksAndRejections (node:internal/process/task_queues:105:5)
2025-12-27 20:15:07.252 [warning] TextEditor is closed/disposed
2025-12-27 20:15:07.252 [warning] TextEditor is closed/disposed
2025-12-27 20:15:07.295 [warning] ExtHostTextEditorOptions 'setCursorStyle' failed:'
2025-12-27 20:15:07.295 [warning] Illegal argument: TextEditor(vs.editor.ICodeEditor:1,$model12)
2025-12-27 20:15:08.923 [warning] TextEditor is closed/disposed
2025-12-27 20:15:08.923 [warning] TextEditor is closed/disposed
2025-12-27 20:15:08.981 [warning] ExtHostTextEditorOptions 'setCursorStyle' failed:'
2025-12-27 20:15:08.981 [warning] Illegal argument: TextEditor(vs.editor.ICodeEditor:1,$model22)
2025-12-27 20:15:10.642 [warning] TextEditor is closed/disposed
2025-12-27 20:15:10.642 [warning] TextEditor is closed/disposed
2025-12-27 20:15:10.648 [warning] ExtHostTextEditorOptions 'setCursorStyle' failed:'
2025-12-27 20:15:10.648 [warning] Illegal argument: TextEditor(vs.editor.ICodeEditor:1,$model3)
2025-12-27 20:15:11.839 [warning] TextEditor is closed/disposed
2025-12-27 20:15:11.839 [warning] TextEditor is closed/disposed
2025-12-27 20:15:11.845 [warning] ExtHostTextEditorOptions 'setCursorStyle' failed:'
2025-12-27 20:15:11.845 [warning] Illegal argument: TextEditor(vs.editor.ICodeEditor:1,$model87)
2025-12-27 20:15:13.681 [info] Extension host terminating: renderer closed the MessagePort
2025-12-27 20:15:13.689 [error] An error occurred when disposing the subscriptions for extension 'willasm.project-notes':
2025-12-27 20:15:13.689 [error] AggregateError: Encountered errors while disposing of store
	at Qi (file:///usr/share/vscodium/resources/app/out/vs/workbench/api/node/extensionHostProcess.js:25:822)
	at j3._fn (file:///usr/share/vscodium/resources/app/out/vs/workbench/api/node/extensionHostProcess.js:118:18595)
	at j3.dispose (file:///usr/share/vscodium/resources/app/out/vs/workbench/api/node/extensionHostProcess.js:25:1261)
	at xX._deactivate (file:///usr/share/vscodium/resources/app/out/vs/workbench/api/node/extensionHostProcess.js:118:14860)
	at file:///usr/share/vscodium/resources/app/out/vs/workbench/api/node/extensionHostProcess.js:118:12146
	at Array.map (<anonymous>)
	at xX._deactivateAll (file:///usr/share/vscodium/resources/app/out/vs/workbench/api/node/extensionHostProcess.js:118:12134)
	at xX.terminate (file:///usr/share/vscodium/resources/app/out/vs/workbench/api/node/extensionHostProcess.js:118:12487)
	at nM.terminate (file:///usr/share/vscodium/resources/app/out/vs/workbench/api/node/extensionHostProcess.js:120:1082)
	at $s (file:///usr/share/vscodium/resources/app/out/vs/workbench/api/node/extensionHostProcess.js:402:11092)
	at MessagePortMain.<anonymous> (file:///usr/share/vscodium/resources/app/out/vs/workbench/api/node/extensionHostProcess.js:402:7538)
	at MessagePortMain.emit (node:events:519:28)
	at MessagePortMain._internalPort.emit (node:electron/js2c/utility_init:2:2949)
2025-12-27 20:15:13.692 [info] Extension host with pid 629705 exiting with code 0
