2025-12-27 20:57:41.667 [info] Extension host with pid 55109 started
2025-12-27 20:57:41.667 [info] Skipping acquiring lock for /home/thinker/.config/VSCodium/User/workspaceStorage/c03a761542229bce55111d613db5ec8f.
2025-12-27 20:57:41.742 [info] ExtensionService#_doActivateExtension vscode.github-authentication, startup: false, activationEvent: 'onAuthenticationRequest:github'
2025-12-27 20:57:41.763 [info] ExtensionService#_doActivateExtension vscode.emmet, startup: false, activationEvent: 'onLanguage'
2025-12-27 20:57:41.828 [info] ExtensionService#_doActivateExtension vscode.git-base, startup: true, activationEvent: '*', root cause: vscode.git
2025-12-27 20:57:41.830 [info] ExtensionService#_doActivateExtension be5invis.vscode-custom-css, startup: true, activationEvent: '*'
2025-12-27 20:57:41.842 [info] ExtensionService#_doActivateExtension Janne252.fontawesome-autocomplete, startup: true, activationEvent: '*'
2025-12-27 20:57:42.040 [info] ExtensionService#_doActivateExtension vscode.git, startup: true, activationEvent: '*'
2025-12-27 20:57:42.087 [info] ExtensionService#_doActivateExtension vscode.github, startup: true, activationEvent: '*'
2025-12-27 20:57:42.188 [info] Eager extensions activated
2025-12-27 20:57:42.199 [info] ExtensionService#_doActivateExtension vscode.debug-auto-launch, startup: false, activationEvent: 'onStartupFinished'
2025-12-27 20:57:42.201 [info] ExtensionService#_doActivateExtension vscode.merge-conflict, startup: false, activationEvent: 'onStartupFinished'
2025-12-27 20:57:42.217 [info] ExtensionService#_doActivateExtension castrogusttavo.symbols, startup: false, activationEvent: 'onStartupFinished'
2025-12-27 20:57:42.221 [info] ExtensionService#_doActivateExtension esdmr.mpctl, startup: false, activationEvent: 'onStartupFinished'
2025-12-27 20:57:42.277 [info] ExtensionService#_doActivateExtension formulahendry.code-runner, startup: false, activationEvent: 'onStartupFinished'
2025-12-27 20:57:42.292 [info] ExtensionService#_doActivateExtension ms-dotnettools.vscode-dotnet-runtime, startup: false, activationEvent: 'onStartupFinished'
2025-12-27 20:57:42.353 [info] ExtensionService#_doActivateExtension rasyid-kurniawan.live-server-extension, startup: false, activationEvent: 'onStartupFinished'
2025-12-27 20:57:42.355 [info] ExtensionService#_doActivateExtension sainnhe.everforest, startup: false, activationEvent: 'onStartupFinished'
2025-12-27 20:57:42.362 [info] ExtensionService#_doActivateExtension sainnhe.gruvbox-material, startup: false, activationEvent: 'onStartupFinished'
2025-12-27 20:57:42.371 [info] ExtensionService#_doActivateExtension vscodevim.vim, startup: false, activationEvent: 'onStartupFinished'
2025-12-27 20:57:42.440 [info] ExtensionService#_doActivateExtension willasm.project-notes, startup: false, activationEvent: 'onStartupFinished'
2025-12-27 20:57:42.544 [info] ExtensionService#_doActivateExtension vscode.configuration-editing, startup: false, activationEvent: 'onLanguage:jsonc'
2025-12-27 20:57:42.556 [info] ExtensionService#_doActivateExtension vscode.json-language-features, startup: false, activationEvent: 'onLanguage:jsonc'
2025-12-27 20:57:42.598 [info] ExtensionService#_doActivateExtension vscode.typescript-language-features, startup: false, activationEvent: 'onLanguage:jsonc'
2025-12-27 20:58:10.524 [info] ExtensionService#_doActivateExtension asvetliakov.vscode-neovim, startup: false, activationEvent: 'onStartupFinished'
2025-12-27 20:58:19.647 [info] Extension host terminating: renderer closed the MessagePort
2025-12-27 20:58:19.658 [error] An error occurred when disposing the subscriptions for extension 'willasm.project-notes':
2025-12-27 20:58:19.658 [error] AggregateError: Encountered errors while disposing of store
	at Qi (file:///usr/share/vscodium/resources/app/out/vs/workbench/api/node/extensionHostProcess.js:25:822)
	at j3._fn (file:///usr/share/vscodium/resources/app/out/vs/workbench/api/node/extensionHostProcess.js:118:18595)
	at j3.dispose (file:///usr/share/vscodium/resources/app/out/vs/workbench/api/node/extensionHostProcess.js:25:1261)
	at xX._deactivate (file:///usr/share/vscodium/resources/app/out/vs/workbench/api/node/extensionHostProcess.js:118:14860)
	at file:///usr/share/vscodium/resources/app/out/vs/workbench/api/node/extensionHostProcess.js:118:12146
	at Array.map (<anonymous>)
	at xX._deactivateAll (file:///usr/share/vscodium/resources/app/out/vs/workbench/api/node/extensionHostProcess.js:118:12134)
	at xX.terminate (file:///usr/share/vscodium/resources/app/out/vs/workbench/api/node/extensionHostProcess.js:118:12487)
	at nM.terminate (file:///usr/share/vscodium/resources/app/out/vs/workbench/api/node/extensionHostProcess.js:120:1082)
	at $s (file:///usr/share/vscodium/resources/app/out/vs/workbench/api/node/extensionHostProcess.js:402:11092)
	at MessagePortMain.<anonymous> (file:///usr/share/vscodium/resources/app/out/vs/workbench/api/node/extensionHostProcess.js:402:7538)
	at MessagePortMain.emit (node:events:519:28)
	at MessagePortMain._internalPort.emit (node:electron/js2c/utility_init:2:2949)
2025-12-27 20:58:19.662 [info] Extension host with pid 55109 exiting with code 0
2025-12-27 20:58:20.026 [info] Extension host with pid 56031 started
2025-12-27 20:58:20.026 [info] Skipping acquiring lock for /home/thinker/.config/VSCodium/User/workspaceStorage/c03a761542229bce55111d613db5ec8f.
2025-12-27 20:58:20.034 [info] ExtensionService#_doActivateExtension vscode.github-authentication, startup: false, activationEvent: 'onAuthenticationRequest:github'
2025-12-27 20:58:20.053 [info] ExtensionService#_doActivateExtension vscode.emmet, startup: false, activationEvent: 'onLanguage'
2025-12-27 20:58:20.065 [info] ExtensionService#_doActivateExtension vscode.configuration-editing, startup: false, activationEvent: 'onLanguage:jsonc'
2025-12-27 20:58:20.073 [info] ExtensionService#_doActivateExtension vscode.json-language-features, startup: false, activationEvent: 'onLanguage:jsonc'
2025-12-27 20:58:20.112 [info] ExtensionService#_doActivateExtension vscode.typescript-language-features, startup: false, activationEvent: 'onLanguage:jsonc'
2025-12-27 20:58:20.151 [info] ExtensionService#_doActivateExtension vscode.git-base, startup: false, activationEvent: 'onFileSystem:git', root cause: vscode.git
2025-12-27 20:58:20.154 [info] ExtensionService#_doActivateExtension asvetliakov.vscode-neovim, startup: false, activationEvent: 'onCommand:vscode-neovim.restart'
2025-12-27 20:58:20.236 [info] ExtensionService#_doActivateExtension vscode.git, startup: false, activationEvent: 'onFileSystem:git'
2025-12-27 20:58:20.520 [info] ExtensionService#_doActivateExtension vscode.github, startup: true, activationEvent: '*'
2025-12-27 20:58:20.520 [info] ExtensionService#_doActivateExtension be5invis.vscode-custom-css, startup: true, activationEvent: '*'
2025-12-27 20:58:20.530 [info] ExtensionService#_doActivateExtension Janne252.fontawesome-autocomplete, startup: true, activationEvent: '*'
2025-12-27 20:58:20.735 [info] Eager extensions activated
2025-12-27 20:58:20.736 [info] ExtensionService#_doActivateExtension vscode.debug-auto-launch, startup: false, activationEvent: 'onStartupFinished'
2025-12-27 20:58:20.737 [info] ExtensionService#_doActivateExtension vscode.merge-conflict, startup: false, activationEvent: 'onStartupFinished'
2025-12-27 20:58:20.750 [info] ExtensionService#_doActivateExtension castrogusttavo.symbols, startup: false, activationEvent: 'onStartupFinished'
2025-12-27 20:58:20.753 [info] ExtensionService#_doActivateExtension esdmr.mpctl, startup: false, activationEvent: 'onStartupFinished'
2025-12-27 20:58:20.799 [info] ExtensionService#_doActivateExtension formulahendry.code-runner, startup: false, activationEvent: 'onStartupFinished'
2025-12-27 20:58:20.817 [info] ExtensionService#_doActivateExtension ms-dotnettools.vscode-dotnet-runtime, startup: false, activationEvent: 'onStartupFinished'
2025-12-27 20:58:20.868 [info] ExtensionService#_doActivateExtension rasyid-kurniawan.live-server-extension, startup: false, activationEvent: 'onStartupFinished'
2025-12-27 20:58:20.870 [info] ExtensionService#_doActivateExtension sainnhe.everforest, startup: false, activationEvent: 'onStartupFinished'
2025-12-27 20:58:20.873 [info] ExtensionService#_doActivateExtension sainnhe.gruvbox-material, startup: false, activationEvent: 'onStartupFinished'
2025-12-27 20:58:20.878 [info] ExtensionService#_doActivateExtension vscodevim.vim, startup: false, activationEvent: 'onStartupFinished'
2025-12-27 20:58:20.939 [info] ExtensionService#_doActivateExtension willasm.project-notes, startup: false, activationEvent: 'onStartupFinished'
2025-12-27 20:58:21.018 [error] Activating extension vscodevim.vim failed due to an error:
2025-12-27 20:58:21.018 [error] Error: command 'type' already exists
	at Qy.registerCommand (file:///usr/share/vscodium/resources/app/out/vs/workbench/api/node/extensionHostProcess.js:114:47809)
	at Object.registerCommand (file:///usr/share/vscodium/resources/app/out/vs/workbench/api/node/extensionHostProcess.js:210:121056)
	at A (/home/thinker/.vscode-oss/extensions/vscodevim.vim-1.32.4-universal/out/extension.js:2:40293)
	at t.activate (/home/thinker/.vscode-oss/extensions/vscodevim.vim-1.32.4-universal/out/extension.js:2:35773)
	at async t.activate (/home/thinker/.vscode-oss/extensions/vscodevim.vim-1.32.4-universal/out/extension.js:2:791310)
	at async Uy._activate (file:///usr/share/vscodium/resources/app/out/vs/workbench/api/node/extensionHostProcess.js:114:16269)
	at async Uy._waitForDepsThenActivate (file:///usr/share/vscodium/resources/app/out/vs/workbench/api/node/extensionHostProcess.js:114:16211)
	at async Uy._initialize (file:///usr/share/vscodium/resources/app/out/vs/workbench/api/node/extensionHostProcess.js:114:15574)
2025-12-27 20:58:26.008 [info] ExtensionService#_doActivateExtension vscode.terminal-suggest, startup: false, activationEvent: 'onTerminalShellIntegration:*'
2025-12-27 20:58:26.486 [error] Error: nvim_win_close: Vim:E444: Cannot close last window
	at /home/thinker/.vscode-oss/extensions/asvetliakov.vscode-neovim-1.18.24-universal/dist/extension.js:2:320808
	at process.processTicksAndRejections (node:internal/process/task_queues:105:5)
2025-12-27 20:58:33.605 [info] ExtensionService#_doActivateExtension KylinIdeTeam.cppdebug, startup: false, activationEvent: 'onLanguage:c'
2025-12-27 20:58:33.613 [info] ExtensionService#_doActivateExtension KylinIdeTeam.kylin-clangd, startup: false, activationEvent: 'onLanguage:c'
2025-12-27 20:58:33.683 [info] ExtensionService#_doActivateExtension KylinIdeTeam.kylin-cmake-tools, startup: false, activationEvent: 'api', root cause: KylinIdeTeam.kylin-clangd
2025-12-27 20:59:54.156 [info] Extension host terminating: renderer closed the MessagePort
2025-12-27 20:59:54.176 [error] An error occurred when disposing the subscriptions for extension 'willasm.project-notes':
2025-12-27 20:59:54.176 [error] AggregateError: Encountered errors while disposing of store
	at Qi (file:///usr/share/vscodium/resources/app/out/vs/workbench/api/node/extensionHostProcess.js:25:822)
	at j3._fn (file:///usr/share/vscodium/resources/app/out/vs/workbench/api/node/extensionHostProcess.js:118:18595)
	at j3.dispose (file:///usr/share/vscodium/resources/app/out/vs/workbench/api/node/extensionHostProcess.js:25:1261)
	at xX._deactivate (file:///usr/share/vscodium/resources/app/out/vs/workbench/api/node/extensionHostProcess.js:118:14860)
	at file:///usr/share/vscodium/resources/app/out/vs/workbench/api/node/extensionHostProcess.js:118:12146
	at Array.map (<anonymous>)
	at xX._deactivateAll (file:///usr/share/vscodium/resources/app/out/vs/workbench/api/node/extensionHostProcess.js:118:12134)
	at xX.terminate (file:///usr/share/vscodium/resources/app/out/vs/workbench/api/node/extensionHostProcess.js:118:12487)
	at nM.terminate (file:///usr/share/vscodium/resources/app/out/vs/workbench/api/node/extensionHostProcess.js:120:1082)
	at $s (file:///usr/share/vscodium/resources/app/out/vs/workbench/api/node/extensionHostProcess.js:402:11092)
	at MessagePortMain.<anonymous> (file:///usr/share/vscodium/resources/app/out/vs/workbench/api/node/extensionHostProcess.js:402:7538)
	at MessagePortMain.emit (node:events:519:28)
	at MessagePortMain._internalPort.emit (node:electron/js2c/utility_init:2:2949)
2025-12-27 20:59:54.181 [info] Extension host with pid 56031 exiting with code 0
