2025-12-27 22:27:11.811 [info] Reading sessions from keychain...
2025-12-27 22:27:11.811 [info] Getting sessions for all scopes...
2025-12-27 22:27:11.811 [info] Got stored sessions!
2025-12-27 22:27:11.811 [info] Got 1 verified sessions.
2025-12-27 22:27:11.811 [info] Got 1 sessions for ...
2025-12-27 22:27:11.811 [info] Getting sessions for all scopes...
2025-12-27 22:27:11.811 [info] Got 1 sessions for ...
2025-12-27 22:27:11.811 [info] Getting sessions for all scopes...
2025-12-27 22:27:11.811 [info] Got 1 sessions for ...
2025-12-27 22:27:11.811 [info] Getting sessions for all scopes...
2025-12-27 22:27:11.811 [info] Got 1 sessions for ...
2025-12-27 22:27:11.811 [info] Getting sessions for all scopes...
2025-12-27 22:27:11.811 [info] Got 1 sessions for ...
2025-12-27 22:27:11.811 [info] Getting sessions for all scopes...
2025-12-27 22:27:11.811 [info] Got 1 sessions for ...
2025-12-27 22:27:11.811 [info] Getting sessions for all scopes...
2025-12-27 22:27:11.811 [info] Got 1 sessions for ...
2025-12-27 22:27:11.811 [info] Getting sessions for all scopes...
2025-12-27 22:27:11.811 [info] Got 1 sessions for ...
2025-12-27 22:27:11.811 [info] Getting sessions for all scopes...
2025-12-27 22:27:11.811 [info] Got 1 sessions for ...
2025-12-27 22:27:11.819 [info] Getting sessions for all scopes...
2025-12-27 22:27:11.819 [info] Got 1 sessions for ...
2025-12-27 22:27:11.820 [info] Getting sessions for all scopes...
2025-12-27 22:27:11.820 [info] Got 1 sessions for ...
2025-12-27 22:27:11.820 [info] Getting sessions for all scopes...
2025-12-27 22:27:11.820 [info] Got 1 sessions for ...
2025-12-27 22:27:11.820 [info] Getting sessions for all scopes...
2025-12-27 22:27:11.820 [info] Got 1 sessions for ...
2025-12-27 22:27:11.820 [info] Getting sessions for all scopes...
2025-12-27 22:27:11.820 [info] Got 1 sessions for ...
2025-12-27 22:27:12.461 [info] Getting sessions for read:user,repo,user:email,workflow...
2025-12-27 22:27:12.461 [info] Got 0 sessions for read:user,repo,user:email,workflow...
2025-12-27 22:27:13.545 [info] Getting sessions for all scopes...
2025-12-27 22:27:13.545 [info] Got 1 sessions for ...
2025-12-27 22:27:57.501 [info] Reading sessions from keychain...
2025-12-27 22:27:57.501 [info] Getting sessions for all scopes...
2025-12-27 22:27:57.501 [info] Got stored sessions!
2025-12-27 22:27:57.501 [info] Got 1 verified sessions.
2025-12-27 22:27:57.501 [info] Got 1 sessions for ...
2025-12-27 22:27:57.501 [info] Getting sessions for all scopes...
2025-12-27 22:27:57.501 [info] Got 1 sessions for ...
2025-12-27 22:27:57.501 [info] Getting sessions for all scopes...
2025-12-27 22:27:57.501 [info] Got 1 sessions for ...
2025-12-27 22:27:57.501 [info] Getting sessions for all scopes...
2025-12-27 22:27:57.501 [info] Got 1 sessions for ...
2025-12-27 22:27:57.501 [info] Getting sessions for all scopes...
2025-12-27 22:27:57.501 [info] Got 1 sessions for ...
2025-12-27 22:27:57.501 [info] Getting sessions for all scopes...
2025-12-27 22:27:57.501 [info] Got 1 sessions for ...
2025-12-27 22:27:57.501 [info] Getting sessions for all scopes...
2025-12-27 22:27:57.501 [info] Got 1 sessions for ...
2025-12-27 22:27:57.501 [info] Getting sessions for all scopes...
2025-12-27 22:27:57.501 [info] Got 1 sessions for ...
2025-12-27 22:27:57.501 [info] Getting sessions for all scopes...
2025-12-27 22:27:57.501 [info] Got 1 sessions for ...
2025-12-27 22:27:57.501 [info] Getting sessions for all scopes...
2025-12-27 22:27:57.501 [info] Got 1 sessions for ...
2025-12-27 22:27:57.501 [info] Getting sessions for all scopes...
2025-12-27 22:27:57.501 [info] Got 1 sessions for ...
2025-12-27 22:27:57.501 [info] Getting sessions for all scopes...
2025-12-27 22:27:57.501 [info] Got 1 sessions for ...
2025-12-27 22:27:57.501 [info] Getting sessions for all scopes...
2025-12-27 22:27:57.501 [info] Got 1 sessions for ...
2025-12-27 22:27:57.501 [info] Getting sessions for all scopes...
2025-12-27 22:27:57.501 [info] Got 1 sessions for ...
2025-12-27 22:27:58.123 [info] Getting sessions for read:user,repo,user:email,workflow...
2025-12-27 22:27:58.123 [info] Got 0 sessions for read:user,repo,user:email,workflow...
2025-12-27 22:27:58.276 [info] Getting sessions for read:user,repo,user:email,workflow...
2025-12-27 22:27:58.276 [info] Got 0 sessions for read:user,repo,user:email,workflow...
2025-12-27 22:27:58.412 [info] Getting sessions for read:user,repo,user:email,workflow...
2025-12-27 22:27:58.412 [info] Got 0 sessions for read:user,repo,user:email,workflow...
2025-12-27 22:27:59.194 [info] Getting sessions for all scopes...
2025-12-27 22:27:59.194 [info] Got 1 sessions for ...
