2025-12-27 19:43:35.112 [info] Extension host with pid 667681 started
2025-12-27 19:43:35.144 [info] ExtensionService#_doActivateExtension vscode.github-authentication, startup: false, activationEvent: 'onAuthenticationRequest:github'
2025-12-27 19:43:35.167 [info] ExtensionService#_doActivateExtension vscode.emmet, startup: false, activationEvent: 'onLanguage'
2025-12-27 19:43:35.217 [info] ExtensionService#_doActivateExtension vscode.git-base, startup: true, activationEvent: '*', root cause: vscode.git
2025-12-27 19:43:35.219 [info] ExtensionService#_doActivateExtension be5invis.vscode-custom-css, startup: true, activationEvent: '*'
2025-12-27 19:43:35.229 [info] ExtensionService#_doActivateExtension Janne252.fontawesome-autocomplete, startup: true, activationEvent: '*'
2025-12-27 19:43:35.328 [info] ExtensionService#_doActivateExtension vscode.git, startup: true, activationEvent: '*'
2025-12-27 19:43:35.360 [info] ExtensionService#_doActivateExtension vscode.github, startup: true, activationEvent: '*'
2025-12-27 19:43:35.410 [info] Eager extensions activated
2025-12-27 19:43:35.411 [info] ExtensionService#_doActivateExtension vscode.debug-auto-launch, startup: false, activationEvent: 'onStartupFinished'
2025-12-27 19:43:35.413 [info] ExtensionService#_doActivateExtension vscode.merge-conflict, startup: false, activationEvent: 'onStartupFinished'
2025-12-27 19:43:35.424 [info] ExtensionService#_doActivateExtension castrogusttavo.symbols, startup: false, activationEvent: 'onStartupFinished'
2025-12-27 19:43:35.426 [info] ExtensionService#_doActivateExtension esdmr.mpctl, startup: false, activationEvent: 'onStartupFinished'
2025-12-27 19:43:35.468 [info] ExtensionService#_doActivateExtension formulahendry.code-runner, startup: false, activationEvent: 'onStartupFinished'
2025-12-27 19:43:35.476 [info] ExtensionService#_doActivateExtension ms-dotnettools.vscode-dotnet-runtime, startup: false, activationEvent: 'onStartupFinished'
2025-12-27 19:43:35.525 [info] ExtensionService#_doActivateExtension rasyid-kurniawan.live-server-extension, startup: false, activationEvent: 'onStartupFinished'
2025-12-27 19:43:35.526 [info] ExtensionService#_doActivateExtension sainnhe.everforest, startup: false, activationEvent: 'onStartupFinished'
2025-12-27 19:43:35.530 [info] ExtensionService#_doActivateExtension sainnhe.gruvbox-material, startup: false, activationEvent: 'onStartupFinished'
2025-12-27 19:43:35.534 [info] ExtensionService#_doActivateExtension vscodevim.vim, startup: false, activationEvent: 'onStartupFinished'
2025-12-27 19:43:35.597 [info] ExtensionService#_doActivateExtension willasm.project-notes, startup: false, activationEvent: 'onStartupFinished'
2025-12-27 19:43:35.598 [error] Activating extension willasm.project-notes failed due to an error:
2025-12-27 19:43:35.598 [error] TypeError: Cannot read properties of undefined (reading '0')
	at Object.<anonymous> (/home/thinker/.vscode-oss/extensions/willasm.project-notes-1.7.0/src/extension.js:21:55)
	at Module._compile (node:internal/modules/cjs/loader:1714:14)
	at Module._extensions..js (node:internal/modules/cjs/loader:1848:10)
	at Module.load (node:internal/modules/cjs/loader:1448:32)
	at Module._load (node:internal/modules/cjs/loader:1270:12)
	at c._load (node:electron/js2c/node_init:2:17993)
	at e._load (file:///usr/share/vscodium/resources/app/out/vs/workbench/api/node/extensionHostProcess.js:402:6573)
	at t._load (file:///usr/share/vscodium/resources/app/out/vs/workbench/api/node/extensionHostProcess.js:220:28755)
	at r._load (file:///usr/share/vscodium/resources/app/out/vs/workbench/api/node/extensionHostProcess.js:212:24901)
	at TracingChannel.traceSync (node:diagnostics_channel:328:14)
	at wrapModuleLoad (node:internal/modules/cjs/loader:244:24)
	at Module.require (node:internal/modules/cjs/loader:1470:12)
	at require (node:internal/modules/helpers:147:16)
	at xX._doLoadModule (file:///usr/share/vscodium/resources/app/out/vs/workbench/api/node/extensionHostProcess.js:251:1632)
2025-12-27 19:43:35.648 [info] ExtensionService#_doActivateExtension vscode.configuration-editing, startup: false, activationEvent: 'onLanguage:jsonc'
2025-12-27 19:43:35.653 [info] ExtensionService#_doActivateExtension vscode.json-language-features, startup: false, activationEvent: 'onLanguage:jsonc'
2025-12-27 19:43:35.690 [info] ExtensionService#_doActivateExtension vscode.typescript-language-features, startup: false, activationEvent: 'onLanguage:jsonc'
2025-12-27 19:44:07.082 [info] Extension host terminating: renderer closed the MessagePort
2025-12-27 19:44:07.091 [info] Extension host with pid 667681 exiting with code 0
2025-12-27 19:44:07.858 [info] Extension host with pid 669593 started
2025-12-27 19:44:07.858 [info] Skipping acquiring lock for /home/thinker/.config/VSCodium/User/workspaceStorage/c03a761542229bce55111d613db5ec8f.
2025-12-27 19:44:07.932 [info] ExtensionService#_doActivateExtension vscode.github-authentication, startup: false, activationEvent: 'onAuthenticationRequest:github'
2025-12-27 19:44:07.951 [info] ExtensionService#_doActivateExtension vscode.emmet, startup: false, activationEvent: 'onLanguage'
2025-12-27 19:44:07.977 [info] ExtensionService#_doActivateExtension vscode.git-base, startup: true, activationEvent: '*', root cause: vscode.git
2025-12-27 19:44:07.979 [info] ExtensionService#_doActivateExtension be5invis.vscode-custom-css, startup: true, activationEvent: '*'
2025-12-27 19:44:07.987 [info] ExtensionService#_doActivateExtension Janne252.fontawesome-autocomplete, startup: true, activationEvent: '*'
2025-12-27 19:44:08.117 [info] ExtensionService#_doActivateExtension vscode.git, startup: true, activationEvent: '*'
2025-12-27 19:44:08.153 [info] ExtensionService#_doActivateExtension vscode.github, startup: true, activationEvent: '*'
2025-12-27 19:44:08.234 [info] Eager extensions activated
2025-12-27 19:44:08.238 [info] ExtensionService#_doActivateExtension vscode.debug-auto-launch, startup: false, activationEvent: 'onStartupFinished'
2025-12-27 19:44:08.240 [info] ExtensionService#_doActivateExtension vscode.merge-conflict, startup: false, activationEvent: 'onStartupFinished'
2025-12-27 19:44:08.251 [info] ExtensionService#_doActivateExtension castrogusttavo.symbols, startup: false, activationEvent: 'onStartupFinished'
2025-12-27 19:44:08.253 [info] ExtensionService#_doActivateExtension esdmr.mpctl, startup: false, activationEvent: 'onStartupFinished'
2025-12-27 19:44:08.298 [info] ExtensionService#_doActivateExtension formulahendry.code-runner, startup: false, activationEvent: 'onStartupFinished'
2025-12-27 19:44:08.306 [info] ExtensionService#_doActivateExtension ms-dotnettools.vscode-dotnet-runtime, startup: false, activationEvent: 'onStartupFinished'
2025-12-27 19:44:08.358 [info] ExtensionService#_doActivateExtension rasyid-kurniawan.live-server-extension, startup: false, activationEvent: 'onStartupFinished'
2025-12-27 19:44:08.359 [info] ExtensionService#_doActivateExtension sainnhe.everforest, startup: false, activationEvent: 'onStartupFinished'
2025-12-27 19:44:08.363 [info] ExtensionService#_doActivateExtension sainnhe.gruvbox-material, startup: false, activationEvent: 'onStartupFinished'
2025-12-27 19:44:08.371 [info] ExtensionService#_doActivateExtension vscodevim.vim, startup: false, activationEvent: 'onStartupFinished'
2025-12-27 19:44:08.433 [info] ExtensionService#_doActivateExtension willasm.project-notes, startup: false, activationEvent: 'onStartupFinished'
2025-12-27 19:44:08.500 [info] ExtensionService#_doActivateExtension vscode.configuration-editing, startup: false, activationEvent: 'onLanguage:jsonc'
2025-12-27 19:44:08.511 [info] ExtensionService#_doActivateExtension vscode.json-language-features, startup: false, activationEvent: 'onLanguage:jsonc'
2025-12-27 19:44:08.551 [info] ExtensionService#_doActivateExtension vscode.typescript-language-features, startup: false, activationEvent: 'onLanguage:jsonc'
2025-12-27 20:15:16.484 [info] Extension host terminating: renderer closed the MessagePort
2025-12-27 20:15:16.491 [error] An error occurred when disposing the subscriptions for extension 'willasm.project-notes':
2025-12-27 20:15:16.492 [error] AggregateError: Encountered errors while disposing of store
	at Qi (file:///usr/share/vscodium/resources/app/out/vs/workbench/api/node/extensionHostProcess.js:25:822)
	at j3._fn (file:///usr/share/vscodium/resources/app/out/vs/workbench/api/node/extensionHostProcess.js:118:18595)
	at j3.dispose (file:///usr/share/vscodium/resources/app/out/vs/workbench/api/node/extensionHostProcess.js:25:1261)
	at xX._deactivate (file:///usr/share/vscodium/resources/app/out/vs/workbench/api/node/extensionHostProcess.js:118:14860)
	at file:///usr/share/vscodium/resources/app/out/vs/workbench/api/node/extensionHostProcess.js:118:12146
	at Array.map (<anonymous>)
	at xX._deactivateAll (file:///usr/share/vscodium/resources/app/out/vs/workbench/api/node/extensionHostProcess.js:118:12134)
	at xX.terminate (file:///usr/share/vscodium/resources/app/out/vs/workbench/api/node/extensionHostProcess.js:118:12487)
	at nM.terminate (file:///usr/share/vscodium/resources/app/out/vs/workbench/api/node/extensionHostProcess.js:120:1082)
	at $s (file:///usr/share/vscodium/resources/app/out/vs/workbench/api/node/extensionHostProcess.js:402:11092)
	at MessagePortMain.<anonymous> (file:///usr/share/vscodium/resources/app/out/vs/workbench/api/node/extensionHostProcess.js:402:7538)
	at MessagePortMain.emit (node:events:519:28)
	at MessagePortMain._internalPort.emit (node:electron/js2c/utility_init:2:2949)
2025-12-27 20:15:16.494 [info] Extension host with pid 669593 exiting with code 0
