2025-12-27 19:43:35.734 [info] /home/thinker/.config/VSCodium/User/settings.json closed
2025-12-27 19:43:35.734 [info] /home/thinker/.config/VSCodium/User/settings.json closed
2025-12-27 19:43:37.214 [info] Configuration changed
2025-12-27 19:43:37.241 [info] /home/thinker/.config/VSCodium/User/settings.json closed
2025-12-27 19:43:37.246 [info] /home/thinker/.config/VSCodium/User/settings.json closed
2025-12-27 19:43:37.250 [info] /home/thinker/.config/VSCodium/User/settings.json closed
2025-12-27 19:43:42.100 [info] /home/thinker/.config/VSCodium/User/settings.json closed
2025-12-27 19:43:42.104 [info] /home/thinker/.config/VSCodium/User/settings.json closed
2025-12-27 19:43:42.106 [info] /home/thinker/.config/VSCodium/User/settings.json closed
2025-12-27 19:43:47.211 [info] /home/thinker/.config/VSCodium/User/settings.json closed
2025-12-27 19:43:47.214 [info] /home/thinker/.config/VSCodium/User/settings.json closed
2025-12-27 19:43:47.217 [info] /home/thinker/.config/VSCodium/User/settings.json closed
2025-12-27 19:43:47.840 [info] /home/thinker/.config/VSCodium/User/settings.json closed
2025-12-27 19:43:47.844 [info] /home/thinker/.config/VSCodium/User/settings.json closed
2025-12-27 19:43:47.846 [info] /home/thinker/.config/VSCodium/User/settings.json closed
2025-12-27 19:44:06.686 [info] /home/thinker/.config/VSCodium/User/settings.json closed
2025-12-27 19:44:06.689 [info] /home/thinker/.config/VSCodium/User/settings.json closed
2025-12-27 19:44:06.692 [info] /home/thinker/.config/VSCodium/User/settings.json closed
2025-12-27 19:44:08.614 [info] /home/thinker/.config/VSCodium/User/settings.json closed
2025-12-27 19:44:08.614 [info] /home/thinker/.config/VSCodium/User/settings.json closed
2025-12-27 19:44:09.922 [info] Configuration changed
2025-12-27 19:44:09.946 [info] /home/thinker/.config/VSCodium/User/settings.json closed
2025-12-27 19:44:09.953 [info] /home/thinker/.config/VSCodium/User/settings.json closed
2025-12-27 19:44:09.959 [info] /home/thinker/.config/VSCodium/User/settings.json closed
2025-12-27 19:44:20.548 [info] Active editor: file:///home/thinker/JACKDAWS/PACKAGER_README
2025-12-27 19:44:36.743 [info] /home/thinker/JACKDAWS/PACKAGER_README closed
2025-12-27 19:44:36.755 [info] Active editor: file:///home/thinker/JACKDAWS/system_config
2025-12-27 19:44:36.760 [info] /home/thinker/JACKDAWS/PACKAGER_README.git closed
2025-12-27 19:44:39.413 [info] /home/thinker/JACKDAWS/system_config closed
2025-12-27 19:44:39.772 [info] Active editor: file:///home/thinker/JACKDAWS/waf
2025-12-27 19:44:39.776 [info] /home/thinker/JACKDAWS/system_config.git closed
2025-12-27 19:44:39.965 [info] /home/thinker/JACKDAWS/waf closed
2025-12-27 19:44:39.980 [info] Active editor: file:///home/thinker/JACKDAWS/wscript
2025-12-27 19:44:40.381 [info] /home/thinker/JACKDAWS/wscript closed
2025-12-27 19:44:40.495 [info] Active editor: file:///home/thinker/JACKDAWS/waf
2025-12-27 19:44:40.500 [info] /home/thinker/JACKDAWS/wscript.git closed
2025-12-27 19:44:49.531 [info] /home/thinker/.config/VSCodium/User/settings.json closed
2025-12-27 19:44:49.547 [info] Configuration changed
2025-12-27 19:44:49.570 [info] /home/thinker/.config/VSCodium/User/settings.json closed
2025-12-27 19:44:49.578 [info] /home/thinker/.config/VSCodium/User/settings.json closed
2025-12-27 19:44:49.585 [info] /home/thinker/.config/VSCodium/User/settings.json closed
2025-12-27 19:44:55.718 [info] Searching for font
2025-12-27 19:44:58.510 [info] Searching for pango
2025-12-27 19:45:00.182 [info] Searching for pango
2025-12-27 19:45:02.011 [info] /home/thinker/JACKDAWS/waf closed
2025-12-27 19:45:02.028 [info] Active editor: file:///home/thinker/JACKDAWS/wscript
2025-12-27 19:45:02.040 [info] /home/thinker/JACKDAWS/waf.git closed
2025-12-27 19:45:04.182 [info] Searching for prango
2025-12-27 19:45:05.773 [info] /home/thinker/JACKDAWS/wscript closed
2025-12-27 19:45:05.783 [info] Active editor: file:///home/thinker/JACKDAWS/README
2025-12-27 19:45:05.787 [info] /home/thinker/JACKDAWS/wscript.git closed
2025-12-27 19:45:06.715 [info] /home/thinker/JACKDAWS/README closed
2025-12-27 19:45:06.724 [info] Active editor: file:///home/thinker/JACKDAWS/README-GITHUB.txt
2025-12-27 19:45:06.727 [info] /home/thinker/JACKDAWS/README.git closed
2025-12-27 19:56:34.082 [info] /home/thinker/.config/VSCodium/User/settings.json closed
2025-12-27 19:56:34.089 [info] /home/thinker/.config/VSCodium/User/settings.json closed
2025-12-27 19:56:34.089 [info] /home/thinker/.config/VSCodium/User/settings.json closed
2025-12-27 20:02:28.665 [info] /home/thinker/.config/VSCodium/User/settings.json closed
2025-12-27 20:02:28.666 [info] /home/thinker/.config/VSCodium/User/settings.json closed
2025-12-27 20:02:39.546 [info] /home/thinker/.config/VSCodium/User/settings.json closed
2025-12-27 20:11:32.075 [info] /home/thinker/.config/VSCodium/User/settings.json closed
2025-12-27 20:11:32.091 [info] /home/thinker/.config/VSCodium/User/settings.json closed
2025-12-27 20:11:32.097 [info] /home/thinker/.config/VSCodium/User/settings.json closed
2025-12-27 20:15:14.061 [info] /home/thinker/.config/VSCodium/User/settings.json closed
2025-12-27 20:15:14.074 [info] /home/thinker/.config/VSCodium/User/settings.json closed
2025-12-27 20:15:14.083 [info] /home/thinker/.config/VSCodium/User/settings.json closed
2025-12-27 20:15:15.197 [info] /home/thinker/.config/VSCodium/User/settings.json closed
2025-12-27 20:15:15.200 [info] /home/thinker/.config/VSCodium/User/settings.json closed
2025-12-27 20:15:15.203 [info] /home/thinker/.config/VSCodium/User/settings.json closed
