2025-12-27 23:05:22.535 [info] Extension host with pid 215371 started
2025-12-27 23:05:22.600 [info] ExtensionService#_doActivateExtension vscode.github-authentication, startup: false, activationEvent: 'onAuthenticationRequest:github'
2025-12-27 23:05:22.623 [info] ExtensionService#_doActivateExtension vscode.emmet, startup: false, activationEvent: 'onLanguage'
2025-12-27 23:05:22.639 [info] ExtensionService#_doActivateExtension vscode.configuration-editing, startup: false, activationEvent: 'onLanguage:jsonc'
2025-12-27 23:05:22.646 [info] ExtensionService#_doActivateExtension vscode.json-language-features, startup: false, activationEvent: 'onLanguage:jsonc'
2025-12-27 23:05:22.687 [info] ExtensionService#_doActivateExtension vscode.typescript-language-features, startup: false, activationEvent: 'onLanguage:jsonc'
2025-12-27 23:05:22.912 [info] ExtensionService#_doActivateExtension vscode.git-base, startup: true, activationEvent: '*', root cause: vscode.git
2025-12-27 23:05:22.915 [info] ExtensionService#_doActivateExtension be5invis.vscode-custom-css, startup: true, activationEvent: '*'
2025-12-27 23:05:22.925 [info] ExtensionService#_doActivateExtension Janne252.fontawesome-autocomplete, startup: true, activationEvent: '*'
2025-12-27 23:05:23.025 [info] ExtensionService#_doActivateExtension vscode.git, startup: true, activationEvent: '*'
2025-12-27 23:05:23.058 [info] ExtensionService#_doActivateExtension vscode.github, startup: true, activationEvent: '*'
2025-12-27 23:05:23.070 [info] ExtensionService#_doActivateExtension vscode.terminal-suggest, startup: false, activationEvent: 'onTerminalShellIntegration:*'
2025-12-27 23:05:23.169 [info] Eager extensions activated
2025-12-27 23:05:23.171 [info] ExtensionService#_doActivateExtension vscode.debug-auto-launch, startup: false, activationEvent: 'onStartupFinished'
2025-12-27 23:05:23.172 [info] ExtensionService#_doActivateExtension vscode.merge-conflict, startup: false, activationEvent: 'onStartupFinished'
2025-12-27 23:05:23.183 [info] ExtensionService#_doActivateExtension castrogusttavo.symbols, startup: false, activationEvent: 'onStartupFinished'
2025-12-27 23:05:23.185 [info] ExtensionService#_doActivateExtension esdmr.mpctl, startup: false, activationEvent: 'onStartupFinished'
2025-12-27 23:05:23.227 [info] ExtensionService#_doActivateExtension formulahendry.code-runner, startup: false, activationEvent: 'onStartupFinished'
2025-12-27 23:05:23.235 [info] ExtensionService#_doActivateExtension ms-dotnettools.vscode-dotnet-runtime, startup: false, activationEvent: 'onStartupFinished'
2025-12-27 23:05:23.282 [info] ExtensionService#_doActivateExtension rasyid-kurniawan.live-server-extension, startup: false, activationEvent: 'onStartupFinished'
2025-12-27 23:05:23.284 [info] ExtensionService#_doActivateExtension sainnhe.everforest, startup: false, activationEvent: 'onStartupFinished'
2025-12-27 23:05:23.287 [info] ExtensionService#_doActivateExtension sainnhe.gruvbox-material, startup: false, activationEvent: 'onStartupFinished'
2025-12-27 23:05:23.291 [info] ExtensionService#_doActivateExtension willasm.project-notes, startup: false, activationEvent: 'onStartupFinished'
2025-12-27 23:05:23.293 [error] Activating extension willasm.project-notes failed due to an error:
2025-12-27 23:05:23.293 [error] TypeError: Cannot read properties of undefined (reading '0')
	at Object.<anonymous> (/home/thinker/.vscode-oss/extensions/willasm.project-notes-1.7.0/src/extension.js:21:55)
	at Module._compile (node:internal/modules/cjs/loader:1714:14)
	at Module._extensions..js (node:internal/modules/cjs/loader:1848:10)
	at Module.load (node:internal/modules/cjs/loader:1448:32)
	at Module._load (node:internal/modules/cjs/loader:1270:12)
	at c._load (node:electron/js2c/node_init:2:17993)
	at e._load (file:///usr/share/vscodium/resources/app/out/vs/workbench/api/node/extensionHostProcess.js:402:6573)
	at t._load (file:///usr/share/vscodium/resources/app/out/vs/workbench/api/node/extensionHostProcess.js:220:28755)
	at r._load (file:///usr/share/vscodium/resources/app/out/vs/workbench/api/node/extensionHostProcess.js:212:24901)
	at TracingChannel.traceSync (node:diagnostics_channel:328:14)
	at wrapModuleLoad (node:internal/modules/cjs/loader:244:24)
	at Module.require (node:internal/modules/cjs/loader:1470:12)
	at require (node:internal/modules/helpers:147:16)
	at xX._doLoadModule (file:///usr/share/vscodium/resources/app/out/vs/workbench/api/node/extensionHostProcess.js:251:1632)
2025-12-27 23:06:37.841 [info] Extension host terminating: renderer closed the MessagePort
2025-12-27 23:06:37.849 [info] Extension host with pid 215371 exiting with code 0
