2025-12-27 23:01:09.468 [info] Extension host with pid 210553 started
2025-12-27 23:01:09.527 [info] ExtensionService#_doActivateExtension vscode.github-authentication, startup: false, activationEvent: 'onAuthenticationRequest:github'
2025-12-27 23:01:09.552 [info] ExtensionService#_doActivateExtension vscode.emmet, startup: false, activationEvent: 'onLanguage'
2025-12-27 23:01:09.624 [info] ExtensionService#_doActivateExtension vscode.git-base, startup: true, activationEvent: '*', root cause: vscode.git
2025-12-27 23:01:09.626 [info] ExtensionService#_doActivateExtension be5invis.vscode-custom-css, startup: true, activationEvent: '*'
2025-12-27 23:01:09.636 [info] ExtensionService#_doActivateExtension Janne252.fontawesome-autocomplete, startup: true, activationEvent: '*'
2025-12-27 23:01:09.733 [info] ExtensionService#_doActivateExtension vscode.git, startup: true, activationEvent: '*'
2025-12-27 23:01:09.743 [info] Extension host with pid 210626 started
2025-12-27 23:01:09.749 [info] Eager extensions activated
2025-12-27 23:01:09.766 [info] ExtensionService#_doActivateExtension asvetliakov.vscode-neovim, startup: false, activationEvent: 'onStartupFinished'
2025-12-27 23:01:09.770 [info] ExtensionService#_doActivateExtension vscode.github, startup: true, activationEvent: '*'
2025-12-27 23:01:09.838 [info] Eager extensions activated
2025-12-27 23:01:09.839 [info] ExtensionService#_doActivateExtension vscode.debug-auto-launch, startup: false, activationEvent: 'onStartupFinished'
2025-12-27 23:01:09.840 [info] ExtensionService#_doActivateExtension vscode.merge-conflict, startup: false, activationEvent: 'onStartupFinished'
2025-12-27 23:01:09.852 [info] ExtensionService#_doActivateExtension castrogusttavo.symbols, startup: false, activationEvent: 'onStartupFinished'
2025-12-27 23:01:09.855 [info] ExtensionService#_doActivateExtension esdmr.mpctl, startup: false, activationEvent: 'onStartupFinished'
2025-12-27 23:01:09.906 [info] ExtensionService#_doActivateExtension formulahendry.code-runner, startup: false, activationEvent: 'onStartupFinished'
2025-12-27 23:01:09.915 [info] ExtensionService#_doActivateExtension ms-dotnettools.vscode-dotnet-runtime, startup: false, activationEvent: 'onStartupFinished'
2025-12-27 23:01:09.969 [info] ExtensionService#_doActivateExtension rasyid-kurniawan.live-server-extension, startup: false, activationEvent: 'onStartupFinished'
2025-12-27 23:01:09.970 [info] ExtensionService#_doActivateExtension sainnhe.everforest, startup: false, activationEvent: 'onStartupFinished'
2025-12-27 23:01:09.977 [info] ExtensionService#_doActivateExtension sainnhe.gruvbox-material, startup: false, activationEvent: 'onStartupFinished'
2025-12-27 23:01:09.982 [info] ExtensionService#_doActivateExtension vscodevim.vim, startup: false, activationEvent: 'onStartupFinished'
2025-12-27 23:01:10.057 [info] ExtensionService#_doActivateExtension willasm.project-notes, startup: false, activationEvent: 'onStartupFinished'
2025-12-27 23:01:10.059 [error] Activating extension willasm.project-notes failed due to an error:
2025-12-27 23:01:10.059 [error] TypeError: Cannot read properties of undefined (reading '0')
	at Object.<anonymous> (/home/thinker/.vscode-oss/extensions/willasm.project-notes-1.7.0/src/extension.js:21:55)
	at Module._compile (node:internal/modules/cjs/loader:1714:14)
	at Module._extensions..js (node:internal/modules/cjs/loader:1848:10)
	at Module.load (node:internal/modules/cjs/loader:1448:32)
	at Module._load (node:internal/modules/cjs/loader:1270:12)
	at c._load (node:electron/js2c/node_init:2:17993)
	at e._load (file:///usr/share/vscodium/resources/app/out/vs/workbench/api/node/extensionHostProcess.js:402:6573)
	at t._load (file:///usr/share/vscodium/resources/app/out/vs/workbench/api/node/extensionHostProcess.js:220:28755)
	at r._load (file:///usr/share/vscodium/resources/app/out/vs/workbench/api/node/extensionHostProcess.js:212:24901)
	at TracingChannel.traceSync (node:diagnostics_channel:328:14)
	at wrapModuleLoad (node:internal/modules/cjs/loader:244:24)
	at Module.require (node:internal/modules/cjs/loader:1470:12)
	at require (node:internal/modules/helpers:147:16)
	at xX._doLoadModule (file:///usr/share/vscodium/resources/app/out/vs/workbench/api/node/extensionHostProcess.js:251:1632)
2025-12-27 23:01:10.100 [warning] TextEditor is closed/disposed
2025-12-27 23:01:10.156 [info] ExtensionService#_doActivateExtension vscode.configuration-editing, startup: false, activationEvent: 'onLanguage:jsonc'
2025-12-27 23:01:10.161 [info] ExtensionService#_doActivateExtension vscode.json-language-features, startup: false, activationEvent: 'onLanguage:jsonc'
2025-12-27 23:01:10.199 [info] ExtensionService#_doActivateExtension vscode.typescript-language-features, startup: false, activationEvent: 'onLanguage:jsonc'
2025-12-27 23:01:13.572 [info] ExtensionService#_doActivateExtension vscode.terminal-suggest, startup: false, activationEvent: 'onTerminalShellIntegration:*'
2025-12-27 23:01:16.106 [error] Error: nvim_win_close: Vim:E444: Cannot close last window
	at /home/thinker/.vscode-oss/extensions/asvetliakov.vscode-neovim-1.18.24-universal/dist/extension.js:2:320808
	at process.processTicksAndRejections (node:internal/process/task_queues:105:5)
2025-12-27 23:04:58.065 [info] Extension host terminating: renderer closed the MessagePort
2025-12-27 23:04:58.074 [info] Extension host with pid 210626 exiting with code 0
2025-12-27 23:04:58.171 [info] Extension host terminating: renderer closed the MessagePort
2025-12-27 23:04:58.179 [info] Extension host with pid 210553 exiting with code 0
2025-12-27 23:04:58.577 [info] Extension host with pid 214750 started
2025-12-27 23:04:58.586 [info] ExtensionService#_doActivateExtension vscode.terminal-suggest, startup: false, activationEvent: 'onTerminalShellIntegration:*'
2025-12-27 23:04:58.588 [info] Extension host with pid 214751 started
2025-12-27 23:04:58.594 [info] ExtensionService#_doActivateExtension asvetliakov.vscode-neovim, startup: false, activationEvent: 'onCommand:type'
2025-12-27 23:04:58.629 [info] ExtensionService#_doActivateExtension vscode.github-authentication, startup: false, activationEvent: 'onAuthenticationRequest:github'
2025-12-27 23:04:58.644 [info] ExtensionService#_doActivateExtension vscode.emmet, startup: false, activationEvent: 'onLanguage'
2025-12-27 23:04:58.658 [info] ExtensionService#_doActivateExtension vscode.configuration-editing, startup: false, activationEvent: 'onLanguage:jsonc'
2025-12-27 23:04:58.663 [info] ExtensionService#_doActivateExtension vscode.json-language-features, startup: false, activationEvent: 'onLanguage:jsonc'
2025-12-27 23:04:58.675 [info] Eager extensions activated
2025-12-27 23:04:58.706 [info] ExtensionService#_doActivateExtension vscode.typescript-language-features, startup: false, activationEvent: 'onLanguage:jsonc'
2025-12-27 23:04:58.905 [info] ExtensionService#_doActivateExtension vscode.git-base, startup: true, activationEvent: '*', root cause: vscode.git
2025-12-27 23:04:58.907 [info] ExtensionService#_doActivateExtension be5invis.vscode-custom-css, startup: true, activationEvent: '*'
2025-12-27 23:04:58.915 [info] ExtensionService#_doActivateExtension Janne252.fontawesome-autocomplete, startup: true, activationEvent: '*'
2025-12-27 23:04:59.003 [info] ExtensionService#_doActivateExtension vscode.git, startup: true, activationEvent: '*'
2025-12-27 23:04:59.038 [info] ExtensionService#_doActivateExtension vscode.github, startup: true, activationEvent: '*'
2025-12-27 23:04:59.089 [info] Eager extensions activated
2025-12-27 23:04:59.090 [info] ExtensionService#_doActivateExtension vscode.debug-auto-launch, startup: false, activationEvent: 'onStartupFinished'
2025-12-27 23:04:59.091 [info] ExtensionService#_doActivateExtension vscode.merge-conflict, startup: false, activationEvent: 'onStartupFinished'
2025-12-27 23:04:59.102 [info] ExtensionService#_doActivateExtension castrogusttavo.symbols, startup: false, activationEvent: 'onStartupFinished'
2025-12-27 23:04:59.104 [info] ExtensionService#_doActivateExtension esdmr.mpctl, startup: false, activationEvent: 'onStartupFinished'
2025-12-27 23:04:59.146 [info] ExtensionService#_doActivateExtension formulahendry.code-runner, startup: false, activationEvent: 'onStartupFinished'
2025-12-27 23:04:59.154 [info] ExtensionService#_doActivateExtension ms-dotnettools.vscode-dotnet-runtime, startup: false, activationEvent: 'onStartupFinished'
2025-12-27 23:04:59.202 [info] ExtensionService#_doActivateExtension rasyid-kurniawan.live-server-extension, startup: false, activationEvent: 'onStartupFinished'
2025-12-27 23:04:59.204 [info] ExtensionService#_doActivateExtension sainnhe.everforest, startup: false, activationEvent: 'onStartupFinished'
2025-12-27 23:04:59.207 [info] ExtensionService#_doActivateExtension sainnhe.gruvbox-material, startup: false, activationEvent: 'onStartupFinished'
2025-12-27 23:04:59.212 [info] ExtensionService#_doActivateExtension willasm.project-notes, startup: false, activationEvent: 'onStartupFinished'
2025-12-27 23:04:59.213 [error] Activating extension willasm.project-notes failed due to an error:
2025-12-27 23:04:59.213 [error] TypeError: Cannot read properties of undefined (reading '0')
	at Object.<anonymous> (/home/thinker/.vscode-oss/extensions/willasm.project-notes-1.7.0/src/extension.js:21:55)
	at Module._compile (node:internal/modules/cjs/loader:1714:14)
	at Module._extensions..js (node:internal/modules/cjs/loader:1848:10)
	at Module.load (node:internal/modules/cjs/loader:1448:32)
	at Module._load (node:internal/modules/cjs/loader:1270:12)
	at c._load (node:electron/js2c/node_init:2:17993)
	at e._load (file:///usr/share/vscodium/resources/app/out/vs/workbench/api/node/extensionHostProcess.js:402:6573)
	at t._load (file:///usr/share/vscodium/resources/app/out/vs/workbench/api/node/extensionHostProcess.js:220:28755)
	at r._load (file:///usr/share/vscodium/resources/app/out/vs/workbench/api/node/extensionHostProcess.js:212:24901)
	at TracingChannel.traceSync (node:diagnostics_channel:328:14)
	at wrapModuleLoad (node:internal/modules/cjs/loader:244:24)
	at Module.require (node:internal/modules/cjs/loader:1470:12)
	at require (node:internal/modules/helpers:147:16)
	at xX._doLoadModule (file:///usr/share/vscodium/resources/app/out/vs/workbench/api/node/extensionHostProcess.js:251:1632)
2025-12-27 23:05:04.736 [error] Error: nvim_win_close: Vim:E444: Cannot close last window
	at /home/thinker/.vscode-oss/extensions/asvetliakov.vscode-neovim-1.18.24-universal/dist/extension.js:2:320808
	at process.processTicksAndRejections (node:internal/process/task_queues:105:5)
2025-12-27 23:05:18.167 [info] Extension host terminating: renderer closed the MessagePort
2025-12-27 23:05:18.178 [info] Extension host with pid 214751 exiting with code 0
2025-12-27 23:05:18.267 [info] Extension host terminating: renderer closed the MessagePort
2025-12-27 23:05:18.274 [info] Extension host with pid 214750 exiting with code 0
