2025-12-27 23:05:22.768 [info] Reading sessions from keychain...
2025-12-27 23:05:22.768 [info] Getting sessions for all scopes...
2025-12-27 23:05:22.768 [info] Got stored sessions!
2025-12-27 23:05:22.768 [info] Got 1 verified sessions.
2025-12-27 23:05:22.768 [info] Got 1 sessions for ...
2025-12-27 23:05:22.768 [info] Getting sessions for all scopes...
2025-12-27 23:05:22.768 [info] Got 1 sessions for ...
2025-12-27 23:05:22.768 [info] Getting sessions for all scopes...
2025-12-27 23:05:22.768 [info] Got 1 sessions for ...
2025-12-27 23:05:22.768 [info] Getting sessions for all scopes...
2025-12-27 23:05:22.768 [info] Got 1 sessions for ...
2025-12-27 23:05:22.768 [info] Getting sessions for all scopes...
2025-12-27 23:05:22.768 [info] Got 1 sessions for ...
2025-12-27 23:05:22.768 [info] Getting sessions for all scopes...
2025-12-27 23:05:22.768 [info] Got 1 sessions for ...
2025-12-27 23:05:22.768 [info] Getting sessions for all scopes...
2025-12-27 23:05:22.768 [info] Got 1 sessions for ...
2025-12-27 23:05:22.768 [info] Getting sessions for all scopes...
2025-12-27 23:05:22.768 [info] Got 1 sessions for ...
2025-12-27 23:05:22.768 [info] Getting sessions for all scopes...
2025-12-27 23:05:22.768 [info] Got 1 sessions for ...
2025-12-27 23:05:22.806 [info] Getting sessions for all scopes...
2025-12-27 23:05:22.806 [info] Got 1 sessions for ...
2025-12-27 23:05:22.806 [info] Getting sessions for all scopes...
2025-12-27 23:05:22.806 [info] Got 1 sessions for ...
2025-12-27 23:05:22.806 [info] Getting sessions for all scopes...
2025-12-27 23:05:22.806 [info] Got 1 sessions for ...
2025-12-27 23:05:22.806 [info] Getting sessions for all scopes...
2025-12-27 23:05:22.806 [info] Got 1 sessions for ...
2025-12-27 23:05:22.806 [info] Getting sessions for all scopes...
2025-12-27 23:05:22.806 [info] Got 1 sessions for ...
2025-12-27 23:05:22.806 [info] Getting sessions for all scopes...
2025-12-27 23:05:22.806 [info] Got 1 sessions for ...
2025-12-27 23:05:24.787 [info] Getting sessions for all scopes...
2025-12-27 23:05:24.787 [info] Got 1 sessions for ...
