2025-12-27 20:57:42.673 [info] /home/thinker/.config/VSCodium/User/settings.json closed
2025-12-27 20:57:42.673 [info] /home/thinker/.config/VSCodium/User/settings.json closed
2025-12-27 20:57:43.743 [info] Configuration changed
2025-12-27 20:57:43.928 [info] /home/thinker/.config/VSCodium/User/settings.json closed
2025-12-27 20:57:43.947 [info] /home/thinker/.config/VSCodium/User/settings.json closed
2025-12-27 20:57:43.952 [info] /home/thinker/.config/VSCodium/User/settings.json closed
2025-12-27 20:58:06.249 [info] /home/thinker/JACKDAWS/README-GITHUB.txt closed
2025-12-27 20:58:07.514 [info] /home/thinker/JACKDAWS/README-GITHUB.txt.git closed
2025-12-27 20:58:10.481 [info] Configuration changed
2025-12-27 20:58:10.571 [info] /home/thinker/.config/VSCodium/User/settings.json closed
2025-12-27 20:58:10.576 [info] /home/thinker/.config/VSCodium/User/settings.json closed
2025-12-27 20:58:10.583 [info] /home/thinker/.config/VSCodium/User/settings.json closed
2025-12-27 20:58:18.168 [info] /home/thinker/.config/VSCodium/User/settings.json closed
2025-12-27 20:58:18.180 [info] Configuration changed
2025-12-27 20:58:18.189 [info] /home/thinker/.config/VSCodium/User/settings.json closed
2025-12-27 20:58:18.193 [info] /home/thinker/.config/VSCodium/User/settings.json closed
2025-12-27 20:58:18.196 [info] /home/thinker/.config/VSCodium/User/settings.json closed
2025-12-27 20:58:25.581 [info] Configuration changed
2025-12-27 20:58:25.784 [info] /home/thinker/.config/VSCodium/User/settings.json closed
2025-12-27 20:58:25.792 [info] /home/thinker/.config/VSCodium/User/settings.json closed
2025-12-27 20:58:25.798 [info] /home/thinker/.config/VSCodium/User/settings.json closed
2025-12-27 20:58:26.096 [info] Configuration changed
2025-12-27 20:58:26.116 [info] /home/thinker/.config/VSCodium/User/settings.json closed
2025-12-27 20:58:26.123 [info] /home/thinker/.config/VSCodium/User/settings.json closed
2025-12-27 20:58:26.126 [info] /home/thinker/.config/VSCodium/User/settings.json closed
2025-12-27 20:58:33.133 [info] Active editor: file:///home/thinker/JACKDAWS/tools/pre-commit
2025-12-27 20:58:33.534 [info] /home/thinker/JACKDAWS/tools/pre-commit closed
2025-12-27 20:58:33.548 [info] Active editor: file:///home/thinker/JACKDAWS/tools/peakdump.c
2025-12-27 20:58:33.584 [info] /home/thinker/JACKDAWS/tools/pre-commit.git closed
2025-12-27 20:58:52.226 [info] /home/thinker/JACKDAWS/tools/peakdump.c closed
2025-12-27 20:58:52.231 [info] /home/thinker/JACKDAWS/tools/peakdump.c.git closed
