2025-12-27 20:57:41.538 [warning] [kylin-debug]: Couldn't find message for key gdb.launch.ssh.
2025-12-27 20:57:41.571 [warning] [kylin-debug]: Couldn't find message for key gdb.launch.ssh.
2025-12-27 20:57:41.578 [warning] [kylin-debug]: Couldn't find message for key gdb.launch.ssh.
2025-12-27 20:57:41.720 [warning] [kylin-debug]: Couldn't find message for key gdb.launch.ssh.
2025-12-27 20:57:41.780 [warning] [kylin-debug]: Couldn't find message for key gdb.launch.ssh.
2025-12-27 20:57:41.832 [warning] [kylin-debug]: Couldn't find message for key gdb.launch.ssh.
2025-12-27 20:57:42.005 [warning] [kylin-debug]: Couldn't find message for key gdb.launch.ssh.
2025-12-27 20:57:42.071 [warning] [kylin-debug]: Couldn't find message for key gdb.launch.ssh.
2025-12-27 20:57:42.275 [warning] [kylin-debug]: Couldn't find message for key gdb.launch.ssh.
2025-12-27 20:57:43.715 [warning] [kylin-debug]: Couldn't find message for key gdb.launch.ssh.
2025-12-27 20:57:44.472 [warning] [kylin-debug]: Couldn't find message for key gdb.launch.ssh.
2025-12-27 20:58:09.065 [info] Getting Manifest... asvetliakov.vscode-neovim
2025-12-27 20:58:09.971 [info] Installing extension: asvetliakov.vscode-neovim {"isMachineScoped":false,"installPreReleaseVersion":false,"pinned":false,"profileLocation":{"$mid":1,"external":"vscode-userdata:/home/thinker/.vscode-oss/extensions/extensions.json","path":"/home/thinker/.vscode-oss/extensions/extensions.json","scheme":"vscode-userdata"},"isApplicationScoped":false,"productVersion":{"version":"1.106.37943","date":"2025-12-03T07:56:31.564Z"}}
2025-12-27 20:58:09.991 [warning] [kylin-debug]: Couldn't find message for key gdb.launch.ssh.
2025-12-27 20:58:10.010 [warning] [kylin-debug]: Couldn't find message for key gdb.launch.ssh.
2025-12-27 20:58:10.421 [info] Extracted extension to file:///home/thinker/.vscode-oss/extensions/asvetliakov.vscode-neovim-1.18.24-universal: asvetliakov.vscode-neovim
2025-12-27 20:58:10.425 [info] Renamed to /home/thinker/.vscode-oss/extensions/asvetliakov.vscode-neovim-1.18.24-universal
2025-12-27 20:58:10.444 [warning] [kylin-debug]: Couldn't find message for key gdb.launch.ssh.
2025-12-27 20:58:10.450 [info] Extension installed successfully: asvetliakov.vscode-neovim vscode-userdata:/home/thinker/.vscode-oss/extensions/extensions.json
2025-12-27 20:58:48.511 [warning] [kylin-debug]: Couldn't find message for key gdb.launch.ssh.
