2025-12-27 19:23:35.783 [info] Reading sessions from keychain...
2025-12-27 19:23:35.783 [info] Getting sessions for all scopes...
2025-12-27 19:23:35.798 [info] Got stored sessions!
2025-12-27 19:23:35.798 [info] Got 1 verified sessions.
2025-12-27 19:23:35.798 [info] Got 1 sessions for ...
2025-12-27 19:23:35.798 [info] Getting sessions for all scopes...
2025-12-27 19:23:35.798 [info] Got 1 sessions for ...
2025-12-27 19:23:35.798 [info] Getting sessions for all scopes...
2025-12-27 19:23:35.798 [info] Got 1 sessions for ...
2025-12-27 19:23:35.798 [info] Getting sessions for all scopes...
2025-12-27 19:23:35.798 [info] Got 1 sessions for ...
2025-12-27 19:23:35.798 [info] Getting sessions for all scopes...
2025-12-27 19:23:35.798 [info] Got 1 sessions for ...
2025-12-27 19:23:35.798 [info] Getting sessions for all scopes...
2025-12-27 19:23:35.798 [info] Got 1 sessions for ...
2025-12-27 19:23:35.798 [info] Getting sessions for all scopes...
2025-12-27 19:23:35.798 [info] Got 1 sessions for ...
2025-12-27 19:23:35.805 [info] Getting sessions for all scopes...
2025-12-27 19:23:35.805 [info] Got 1 sessions for ...
2025-12-27 19:23:35.806 [info] Getting sessions for all scopes...
2025-12-27 19:23:35.806 [info] Got 1 sessions for ...
2025-12-27 19:23:35.806 [info] Getting sessions for all scopes...
2025-12-27 19:23:35.806 [info] Got 1 sessions for ...
2025-12-27 19:23:35.806 [info] Getting sessions for all scopes...
2025-12-27 19:23:35.806 [info] Got 1 sessions for ...
2025-12-27 19:23:35.806 [info] Getting sessions for all scopes...
2025-12-27 19:23:35.806 [info] Got 1 sessions for ...
2025-12-27 19:23:35.806 [info] Getting sessions for all scopes...
2025-12-27 19:23:35.806 [info] Got 1 sessions for ...
2025-12-27 19:23:35.885 [info] Getting sessions for all scopes...
2025-12-27 19:23:35.885 [info] Got 1 sessions for ...
2025-12-27 19:23:36.736 [info] Getting sessions for read:user,repo,user:email,workflow...
2025-12-27 19:23:36.736 [info] Got 0 sessions for read:user,repo,user:email,workflow...
2025-12-27 19:23:37.568 [info] Getting sessions for all scopes...
2025-12-27 19:23:37.568 [info] Got 1 sessions for ...
