2025-12-27 22:27:12.366 [info] /home/thinker/.config/VSCodium/User/settings.json closed
2025-12-27 22:27:12.366 [info] /home/thinker/.config/VSCodium/User/settings.json closed
2025-12-27 22:27:12.366 [info] Configuration changed
2025-12-27 22:27:12.394 [info] Configuration changed
2025-12-27 22:27:12.403 [info] /home/thinker/.config/VSCodium/User/settings.json closed
2025-12-27 22:27:12.418 [info] /home/thinker/.config/VSCodium/User/settings.json closed
2025-12-27 22:27:12.422 [info] /home/thinker/.config/VSCodium/User/settings.json closed
2025-12-27 22:27:12.426 [info] /home/thinker/.config/VSCodium/User/settings.json closed
2025-12-27 22:27:12.429 [info] /home/thinker/.config/VSCodium/User/settings.json closed
2025-12-27 22:27:12.434 [info] /home/thinker/.config/VSCodium/User/settings.json closed
2025-12-27 22:27:13.511 [info] Configuration changed
2025-12-27 22:27:13.528 [info] /home/thinker/.config/VSCodium/User/settings.json closed
2025-12-27 22:27:13.544 [info] /home/thinker/.config/VSCodium/User/settings.json closed
2025-12-27 22:27:13.559 [info] /home/thinker/.config/VSCodium/User/settings.json closed
2025-12-27 22:27:18.407 [info] /home/thinker/.config/VSCodium/User/settings.json closed
2025-12-27 22:27:18.410 [info] /home/thinker/.config/VSCodium/User/settings.json closed
2025-12-27 22:27:18.420 [info] /home/thinker/.config/VSCodium/User/settings.json closed
2025-12-27 22:27:25.877 [info] /home/thinker/.config/VSCodium/User/settings.json closed
2025-12-27 22:27:25.883 [info] /home/thinker/.config/VSCodium/User/settings.json closed
2025-12-27 22:27:25.886 [info] /home/thinker/.config/VSCodium/User/settings.json closed
2025-12-27 22:27:56.314 [info] / closed
2025-12-27 22:27:57.950 [info] /home/thinker/.config/VSCodium/User/settings.json closed
2025-12-27 22:27:59.161 [info] Configuration changed
2025-12-27 22:27:59.203 [info] /home/thinker/.config/VSCodium/User/settings.json closed
2025-12-27 22:27:59.210 [info] /home/thinker/.config/VSCodium/User/settings.json closed
2025-12-27 22:27:59.218 [info] /home/thinker/.config/VSCodium/User/settings.json closed
2025-12-27 22:28:02.954 [info] Active editor: file:///home/thinker/.config/ardour8/config
2025-12-27 22:28:03.334 [info] /home/thinker/.config/ardour8/config closed
2025-12-27 22:28:03.346 [info] Active editor: file:///home/thinker/.config/ardour8/ardour.keys.old
2025-12-27 22:28:03.772 [info] /home/thinker/.config/ardour8/ardour.keys.old closed
2025-12-27 22:28:03.781 [info] Active editor: file:///home/thinker/.config/ardour8/instant.xml
2025-12-27 22:28:04.612 [info] /home/thinker/.config/ardour8/instant.xml closed
2025-12-27 22:28:04.621 [info] Active editor: file:///home/thinker/.config/ardour8/config
2025-12-27 22:28:05.052 [info] /home/thinker/.config/ardour8/config closed
2025-12-27 22:28:05.062 [info] Active editor: file:///home/thinker/.config/ardour8/ardour.keys.old
2025-12-27 22:28:05.613 [info] /home/thinker/.config/ardour8/ardour.keys.old closed
2025-12-27 22:28:05.623 [info] Active editor: file:///home/thinker/.config/ardour8/ardour.keys
2025-12-27 22:28:05.948 [info] /home/thinker/.config/ardour8/ardour.keys closed
2025-12-27 22:28:05.957 [info] Active editor: file:///home/thinker/.config/ardour8/.nevernag
2025-12-27 22:28:09.073 [info] /home/thinker/.config/ardour8/.nevernag closed
2025-12-27 22:28:09.085 [info] Active editor: file:///home/thinker/.config/ardour9/my-adwaita_dark-ardour-9.0.colors
2025-12-27 22:28:13.652 [info] Active editor: file:///home/thinker/.config/ardour8/my-adwaita_dark-ardour-8.12.colors
2025-12-27 22:28:15.763 [info] Active editor: file:///home/thinker/.config/ardour9/my-adwaita_dark-ardour-9.0.colors
2025-12-27 22:28:18.479 [info] /home/thinker/.config/VSCodium/User/settings.json closed
2025-12-27 22:28:18.482 [info] /home/thinker/.config/VSCodium/User/settings.json closed
2025-12-27 22:28:18.486 [info] /home/thinker/.config/VSCodium/User/settings.json closed
2025-12-27 22:28:20.143 [info] /home/thinker/.config/VSCodium/User/settings.json closed
2025-12-27 22:28:20.146 [info] /home/thinker/.config/VSCodium/User/settings.json closed
2025-12-27 22:28:20.149 [info] /home/thinker/.config/VSCodium/User/settings.json closed
2025-12-27 22:28:21.150 [info] /home/thinker/.config/VSCodium/User/settings.json closed
2025-12-27 22:28:21.153 [info] /home/thinker/.config/VSCodium/User/settings.json closed
2025-12-27 22:28:21.155 [info] /home/thinker/.config/VSCodium/User/settings.json closed
2025-12-27 22:28:21.855 [info] /home/thinker/.config/VSCodium/User/settings.json closed
2025-12-27 22:28:21.857 [info] /home/thinker/.config/VSCodium/User/settings.json closed
2025-12-27 22:28:21.860 [info] /home/thinker/.config/VSCodium/User/settings.json closed
2025-12-27 22:28:23.288 [info] /home/thinker/.config/VSCodium/User/settings.json closed
2025-12-27 22:28:23.291 [info] /home/thinker/.config/VSCodium/User/settings.json closed
2025-12-27 22:28:23.294 [info] /home/thinker/.config/VSCodium/User/settings.json closed
2025-12-27 22:28:24.155 [info] /home/thinker/.config/VSCodium/User/settings.json closed
2025-12-27 22:28:24.167 [info] /home/thinker/.config/VSCodium/User/settings.json closed
2025-12-27 22:28:24.178 [info] /home/thinker/.config/VSCodium/User/settings.json closed
2025-12-27 22:28:39.132 [info] /home/thinker/.config/VSCodium/User/settings.json closed
2025-12-27 22:28:41.412 [info] /home/thinker/.config/VSCodium/User/settings.json closed
2025-12-27 22:28:45.782 [info] Active editor: file:///home/thinker/.config/ardour8/my-adwaita_dark-ardour-8.12.colors
2025-12-27 22:28:47.555 [info] Active editor: file:///home/thinker/.config/ardour9/my-adwaita_dark-ardour-9.0.colors
2025-12-27 22:28:50.740 [info] Active editor: file:///home/thinker/.config/ardour8/my-adwaita_dark-ardour-8.12.colors
2025-12-27 22:28:52.211 [info] Active editor: file:///home/thinker/.config/ardour9/my-adwaita_dark-ardour-9.0.colors
2025-12-27 22:28:56.452 [info] Active editor: file:///home/thinker/.config/ardour8/my-adwaita_dark-ardour-8.12.colors
2025-12-27 22:29:01.107 [warning] [InternalSelectionsTracker] Treating untracked selection change event [201, 3; 201, 3] as an intermediate selection to ignore; assuming it slipped past the end of an action we just ran, since there are still 1 tracked internal selections updates to ignore
2025-12-27 22:29:01.132 [warning] [InternalSelectionsTracker] Treating untracked selection change event [201, 3; 201, 3] as an intermediate selection to ignore; assuming it slipped past the end of an action we just ran, since there are still 1 tracked internal selections updates to ignore
2025-12-27 22:30:57.599 [info] / closed
2025-12-27 22:33:41.966 [info] /home/thinker/.config/VSCodium/User/settings.json closed
2025-12-27 22:33:41.970 [info] /home/thinker/.config/VSCodium/User/settings.json closed
2025-12-27 22:33:41.973 [info] /home/thinker/.config/VSCodium/User/settings.json closed
2025-12-27 22:33:42.839 [info] /home/thinker/.config/VSCodium/User/settings.json closed
2025-12-27 22:33:42.842 [info] /home/thinker/.config/VSCodium/User/settings.json closed
2025-12-27 22:33:42.846 [info] /home/thinker/.config/VSCodium/User/settings.json closed
2025-12-27 22:33:44.671 [info] Executing :wq
2025-12-27 22:33:44.685 [info] Active editor: file:///home/thinker/.config/ardour9/my-adwaita_dark-ardour-9.0.colors
2025-12-27 22:33:44.719 [info] /home/thinker/.config/ardour8/my-adwaita_dark-ardour-8.12.colors closed
