I[20:58:34.095] clangd version 21.0.0git (https://github.com/llvm/llvm-project c6cec7bd9cef993b377903b88375e00badcbf11b)
I[20:58:34.095] Features: linux
I[20:58:34.095] PID: 56653
I[20:58:34.095] Working directory: /home/thinker/JACKDAWS
I[20:58:34.095] argv[0]: /home/thinker/.vscode-oss/extensions/kylinideteam.kylin-clangd-0.4.0-linux-x64/res/clangd/bin/clangd
I[20:58:34.095] argv[1]: --clang-tidy=1
I[20:58:34.095] Starting LSP over stdin/stdout
I[20:58:34.098] <-- initialize(0)
I[20:58:34.099] --> reply:initialize(0) 0 ms
I[20:58:34.100] <-- initialized
I[20:58:34.115] <-- textDocument/didOpen
I[20:58:34.116] Failed to find compilation database for /home/thinker/JACKDAWS/tools/peakdump.c
I[20:58:34.116] ASTWorker building file /home/thinker/JACKDAWS/tools/peakdump.c version 1 with command clangd fallback
[/home/thinker/JACKDAWS/tools]
/usr/bin/clang -resource-dir=/home/thinker/.vscode-oss/extensions/kylinideteam.kylin-clangd-0.4.0-linux-x64/res/clangd/lib/clang/21 -- /home/thinker/JACKDAWS/tools/peakdump.c
I[20:58:34.117] <-- textDocument/documentSymbol(1)
I[20:58:34.117] <-- textDocument/codeAction(2)
I[20:58:34.118] --> textDocument/clangd.fileStatus
I[20:58:34.118] <-- textDocument/documentLink(3)
I[20:58:34.118] <-- textDocument/inlayHint(4)
I[20:58:34.152] Built preamble of size 805324 for file /home/thinker/JACKDAWS/tools/peakdump.c version 1 in 0.03 seconds
I[20:58:34.153] --> workspace/semanticTokens/refresh(0)
I[20:58:34.153] Indexing c17 standard library in the context of /home/thinker/JACKDAWS/tools/peakdump.c
I[20:58:34.154] <-- reply(0)
I[20:58:34.154] <-- textDocument/semanticTokens/full(5)
I[20:58:34.158] --> textDocument/publishDiagnostics
I[20:58:34.158] --> textDocument/inactiveRegions
I[20:58:34.158] --> reply:textDocument/documentSymbol(1) 41 ms
I[20:58:34.158] --> reply:textDocument/codeAction(2) 41 ms
I[20:58:34.158] --> reply:textDocument/documentLink(3) 39 ms
I[20:58:34.158] --> reply:textDocument/inlayHint(4) 39 ms
I[20:58:34.158] --> reply:textDocument/semanticTokens/full(5) 4 ms
I[20:58:34.158] --> textDocument/clangd.fileStatus
I[20:58:34.215] Indexed c17 standard library: 2924 symbols, 11 filtered
I[20:58:34.308] <-- textDocument/foldingRange(6)
I[20:58:34.309] --> reply:textDocument/foldingRange(6) 0 ms
I[20:58:34.406] <-- textDocument/documentSymbol(7)
I[20:58:34.406] --> reply:textDocument/documentSymbol(7) 0 ms
I[20:58:34.406] --> textDocument/clangd.fileStatus
I[20:58:35.634] <-- textDocument/documentHighlight(8)
I[20:58:35.634] --> reply:textDocument/documentHighlight(8) 0 ms
I[20:58:35.634] --> textDocument/clangd.fileStatus
I[20:58:36.561] <-- textDocument/documentHighlight(9)
I[20:58:36.561] --> reply:textDocument/documentHighlight(9) 0 ms
I[20:58:36.561] --> textDocument/clangd.fileStatus
I[20:58:37.374] <-- textDocument/documentHighlight(10)
I[20:58:37.374] --> reply:textDocument/documentHighlight(10) 0 ms
I[20:58:37.374] --> textDocument/clangd.fileStatus
I[20:58:37.584] <-- textDocument/documentHighlight(11)
I[20:58:37.584] --> reply:textDocument/documentHighlight(11) 0 ms
I[20:58:37.584] --> textDocument/clangd.fileStatus
I[20:58:37.715] <-- textDocument/documentHighlight(12)
I[20:58:37.715] --> reply:textDocument/documentHighlight(12) 0 ms
I[20:58:37.715] --> textDocument/clangd.fileStatus
I[20:58:37.914] <-- textDocument/codeAction(13)
I[20:58:37.915] --> reply:textDocument/codeAction(13) 0 ms
I[20:58:37.915] --> textDocument/clangd.fileStatus
I[20:58:38.317] <-- textDocument/documentHighlight(14)
I[20:58:38.317] --> reply:textDocument/documentHighlight(14) 0 ms
I[20:58:38.317] --> textDocument/clangd.fileStatus
I[20:58:38.367] <-- textDocument/inlayHint(15)
I[20:58:38.368] --> reply:textDocument/inlayHint(15) 0 ms
I[20:58:38.368] --> textDocument/clangd.fileStatus
I[20:58:39.545] <-- textDocument/documentHighlight(16)
I[20:58:39.545] --> reply:textDocument/documentHighlight(16) 0 ms
I[20:58:39.545] --> textDocument/clangd.fileStatus
I[20:58:40.321] <-- textDocument/inlayHint(17)
I[20:58:40.322] --> reply:textDocument/inlayHint(17) 0 ms
I[20:58:40.322] --> textDocument/clangd.fileStatus
I[20:58:41.490] <-- textDocument/documentHighlight(18)
I[20:58:41.490] --> reply:textDocument/documentHighlight(18) 0 ms
I[20:58:41.490] --> textDocument/clangd.fileStatus
I[20:58:41.688] <-- textDocument/documentHighlight(19)
I[20:58:41.688] --> reply:textDocument/documentHighlight(19) 0 ms
I[20:58:41.688] --> textDocument/clangd.fileStatus
I[20:58:41.782] <-- textDocument/inlayHint(20)
I[20:58:41.782] --> reply:textDocument/inlayHint(20) 0 ms
I[20:58:41.782] --> textDocument/clangd.fileStatus
I[20:58:41.808] <-- textDocument/documentHighlight(21)
I[20:58:41.808] --> reply:textDocument/documentHighlight(21) 0 ms
I[20:58:41.808] --> textDocument/clangd.fileStatus
I[20:58:42.007] <-- textDocument/codeAction(22)
I[20:58:42.007] --> reply:textDocument/codeAction(22) 0 ms
I[20:58:42.007] --> textDocument/clangd.fileStatus
I[20:58:42.212] <-- textDocument/documentHighlight(23)
I[20:58:42.212] --> reply:textDocument/documentHighlight(23) 0 ms
I[20:58:42.213] --> textDocument/clangd.fileStatus
I[20:58:43.246] <-- textDocument/inlayHint(24)
I[20:58:43.246] --> reply:textDocument/inlayHint(24) 0 ms
I[20:58:43.246] --> textDocument/clangd.fileStatus
I[20:58:43.279] <-- textDocument/inlayHint(25)
I[20:58:43.280] --> reply:textDocument/inlayHint(25) 0 ms
I[20:58:43.280] --> textDocument/clangd.fileStatus
I[20:58:43.301] <-- textDocument/inlayHint(26)
I[20:58:43.301] --> reply:textDocument/inlayHint(26) 0 ms
I[20:58:43.301] --> textDocument/clangd.fileStatus
I[20:58:43.440] <-- textDocument/inlayHint(27)
I[20:58:43.441] --> reply:textDocument/inlayHint(27) 0 ms
I[20:58:43.441] --> textDocument/clangd.fileStatus
I[20:58:43.500] <-- textDocument/inlayHint(28)
I[20:58:43.501] --> reply:textDocument/inlayHint(28) 0 ms
I[20:58:43.501] --> textDocument/clangd.fileStatus
I[20:58:43.526] <-- textDocument/inlayHint(29)
I[20:58:43.526] --> reply:textDocument/inlayHint(29) 0 ms
I[20:58:43.526] --> textDocument/clangd.fileStatus
I[20:58:43.661] <-- textDocument/inlayHint(30)
I[20:58:43.661] --> reply:textDocument/inlayHint(30) 0 ms
I[20:58:43.661] --> textDocument/clangd.fileStatus
I[20:58:43.760] <-- textDocument/inlayHint(31)
I[20:58:43.760] --> reply:textDocument/inlayHint(31) 0 ms
I[20:58:43.760] --> textDocument/clangd.fileStatus
I[20:58:52.226] <-- textDocument/didClose
I[20:58:52.226] --> textDocument/publishDiagnostics
