2025-12-27 23:01:09.832 [info] [main] Log level: Info
2025-12-27 23:01:09.832 [info] [main] Validating found git in: "git"
2025-12-27 23:01:09.832 [info] [main] Using git "2.52.0" from "git"
2025-12-27 23:01:09.832 [info] [Model][doInitialScan] Initial repository scan started
2025-12-27 23:01:09.832 [info] > git rev-parse --show-toplevel [1ms]
2025-12-27 23:01:09.832 [info] fatal: not a git repository (or any parent up to mount point /)
Stopping at filesystem boundary (GIT_DISCOVERY_ACROSS_FILESYSTEM not set).
2025-12-27 23:01:09.832 [info] [Model][doInitialScan] Initial repository scan completed - repositories (0), closed repositories (0), parent repositories (0), unsafe repositories (0)
2025-12-27 23:01:25.338 [info] > git rev-parse --show-toplevel [1ms]
2025-12-27 23:01:25.338 [info] fatal: not a git repository (or any parent up to mount point /)
Stopping at filesystem boundary (GIT_DISCOVERY_ACROSS_FILESYSTEM not set).
2025-12-27 23:01:35.563 [info] > git rev-parse --show-toplevel [1ms]
2025-12-27 23:01:35.563 [info] fatal: not a git repository (or any parent up to mount point /)
Stopping at filesystem boundary (GIT_DISCOVERY_ACROSS_FILESYSTEM not set).
2025-12-27 23:01:39.542 [info] > git rev-parse --show-toplevel [1ms]
2025-12-27 23:01:39.542 [info] fatal: not a git repository (or any parent up to mount point /)
Stopping at filesystem boundary (GIT_DISCOVERY_ACROSS_FILESYSTEM not set).
2025-12-27 23:01:39.545 [info] > git rev-parse --show-toplevel [1ms]
2025-12-27 23:01:39.545 [info] fatal: not a git repository (or any parent up to mount point /)
Stopping at filesystem boundary (GIT_DISCOVERY_ACROSS_FILESYSTEM not set).
2025-12-27 23:01:53.104 [info] > git rev-parse --show-toplevel [0ms]
2025-12-27 23:01:53.104 [info] fatal: not a git repository (or any parent up to mount point /)
Stopping at filesystem boundary (GIT_DISCOVERY_ACROSS_FILESYSTEM not set).
2025-12-27 23:01:53.113 [info] > git rev-parse --show-toplevel [1ms]
2025-12-27 23:01:53.113 [info] fatal: not a git repository (or any parent up to mount point /)
Stopping at filesystem boundary (GIT_DISCOVERY_ACROSS_FILESYSTEM not set).
2025-12-27 23:01:53.116 [info] > git rev-parse --show-toplevel [1ms]
2025-12-27 23:01:53.116 [info] fatal: not a git repository (or any parent up to mount point /)
Stopping at filesystem boundary (GIT_DISCOVERY_ACROSS_FILESYSTEM not set).
2025-12-27 23:02:37.997 [info] > git rev-parse --show-toplevel [1ms]
2025-12-27 23:02:37.997 [info] fatal: not a git repository (or any parent up to mount point /)
Stopping at filesystem boundary (GIT_DISCOVERY_ACROSS_FILESYSTEM not set).
2025-12-27 23:02:38.001 [info] > git rev-parse --show-toplevel [2ms]
2025-12-27 23:02:38.001 [info] fatal: not a git repository (or any parent up to mount point /)
Stopping at filesystem boundary (GIT_DISCOVERY_ACROSS_FILESYSTEM not set).
2025-12-27 23:02:38.004 [info] > git rev-parse --show-toplevel [1ms]
2025-12-27 23:02:38.004 [info] fatal: not a git repository (or any parent up to mount point /)
Stopping at filesystem boundary (GIT_DISCOVERY_ACROSS_FILESYSTEM not set).
2025-12-27 23:02:42.376 [info] > git rev-parse --show-toplevel [1ms]
2025-12-27 23:02:42.376 [info] fatal: not a git repository (or any parent up to mount point /)
Stopping at filesystem boundary (GIT_DISCOVERY_ACROSS_FILESYSTEM not set).
2025-12-27 23:02:42.379 [info] > git rev-parse --show-toplevel [1ms]
2025-12-27 23:02:42.379 [info] fatal: not a git repository (or any parent up to mount point /)
Stopping at filesystem boundary (GIT_DISCOVERY_ACROSS_FILESYSTEM not set).
2025-12-27 23:02:42.383 [info] > git rev-parse --show-toplevel [1ms]
2025-12-27 23:02:42.383 [info] fatal: not a git repository (or any parent up to mount point /)
Stopping at filesystem boundary (GIT_DISCOVERY_ACROSS_FILESYSTEM not set).
2025-12-27 23:02:42.386 [info] > git rev-parse --show-toplevel [1ms]
2025-12-27 23:02:42.386 [info] fatal: not a git repository (or any parent up to mount point /)
Stopping at filesystem boundary (GIT_DISCOVERY_ACROSS_FILESYSTEM not set).
2025-12-27 23:02:42.389 [info] > git rev-parse --show-toplevel [1ms]
2025-12-27 23:02:42.389 [info] fatal: not a git repository (or any parent up to mount point /)
Stopping at filesystem boundary (GIT_DISCOVERY_ACROSS_FILESYSTEM not set).
2025-12-27 23:02:46.789 [info] > git rev-parse --show-toplevel [1ms]
2025-12-27 23:02:46.789 [info] fatal: not a git repository (or any parent up to mount point /)
Stopping at filesystem boundary (GIT_DISCOVERY_ACROSS_FILESYSTEM not set).
2025-12-27 23:02:46.792 [info] > git rev-parse --show-toplevel [1ms]
2025-12-27 23:02:46.792 [info] fatal: not a git repository (or any parent up to mount point /)
Stopping at filesystem boundary (GIT_DISCOVERY_ACROSS_FILESYSTEM not set).
2025-12-27 23:02:57.863 [info] > git rev-parse --show-toplevel [1ms]
2025-12-27 23:02:57.863 [info] fatal: not a git repository (or any parent up to mount point /)
Stopping at filesystem boundary (GIT_DISCOVERY_ACROSS_FILESYSTEM not set).
2025-12-27 23:02:57.881 [info] > git rev-parse --show-toplevel [1ms]
2025-12-27 23:02:57.881 [info] fatal: not a git repository (or any parent up to mount point /)
Stopping at filesystem boundary (GIT_DISCOVERY_ACROSS_FILESYSTEM not set).
2025-12-27 23:02:57.884 [info] > git rev-parse --show-toplevel [1ms]
2025-12-27 23:02:57.884 [info] fatal: not a git repository (or any parent up to mount point /)
Stopping at filesystem boundary (GIT_DISCOVERY_ACROSS_FILESYSTEM not set).
2025-12-27 23:04:12.887 [info] > git rev-parse --show-toplevel [1ms]
2025-12-27 23:04:12.887 [info] fatal: not a git repository (or any parent up to mount point /)
Stopping at filesystem boundary (GIT_DISCOVERY_ACROSS_FILESYSTEM not set).
2025-12-27 23:04:12.902 [info] > git rev-parse --show-toplevel [0ms]
2025-12-27 23:04:12.902 [info] fatal: not a git repository (or any parent up to mount point /)
Stopping at filesystem boundary (GIT_DISCOVERY_ACROSS_FILESYSTEM not set).
2025-12-27 23:04:12.906 [info] > git rev-parse --show-toplevel [1ms]
2025-12-27 23:04:12.906 [info] fatal: not a git repository (or any parent up to mount point /)
Stopping at filesystem boundary (GIT_DISCOVERY_ACROSS_FILESYSTEM not set).
2025-12-27 23:04:25.121 [info] > git rev-parse --show-toplevel [1ms]
2025-12-27 23:04:25.121 [info] fatal: not a git repository (or any parent up to mount point /)
Stopping at filesystem boundary (GIT_DISCOVERY_ACROSS_FILESYSTEM not set).
2025-12-27 23:04:59.071 [info] [main] Log level: Info
2025-12-27 23:04:59.071 [info] [main] Validating found git in: "git"
2025-12-27 23:04:59.071 [info] [main] Using git "2.52.0" from "git"
2025-12-27 23:04:59.071 [info] [Model][doInitialScan] Initial repository scan started
2025-12-27 23:04:59.071 [info] [Model][doInitialScan] Initial repository scan completed - repositories (0), closed repositories (0), parent repositories (0), unsafe repositories (0)
