2025-12-27 20:57:41.869 [info] Reading sessions from keychain...
2025-12-27 20:57:41.869 [info] Getting sessions for all scopes...
2025-12-27 20:57:41.897 [info] Got stored sessions!
2025-12-27 20:57:41.897 [info] Got 1 verified sessions.
2025-12-27 20:57:41.897 [info] Got 1 sessions for ...
2025-12-27 20:57:41.897 [info] Getting sessions for all scopes...
2025-12-27 20:57:41.897 [info] Got 1 sessions for ...
2025-12-27 20:57:41.897 [info] Getting sessions for all scopes...
2025-12-27 20:57:41.897 [info] Got 1 sessions for ...
2025-12-27 20:57:41.897 [info] Getting sessions for all scopes...
2025-12-27 20:57:41.897 [info] Got 1 sessions for ...
2025-12-27 20:57:41.897 [info] Getting sessions for all scopes...
2025-12-27 20:57:41.897 [info] Got 1 sessions for ...
2025-12-27 20:57:41.898 [info] Getting sessions for all scopes...
2025-12-27 20:57:41.898 [info] Got 1 sessions for ...
2025-12-27 20:57:41.898 [info] Getting sessions for all scopes...
2025-12-27 20:57:41.898 [info] Got 1 sessions for ...
2025-12-27 20:57:42.087 [info] Getting sessions for all scopes...
2025-12-27 20:57:42.087 [info] Got 1 sessions for ...
2025-12-27 20:57:42.087 [info] Getting sessions for all scopes...
2025-12-27 20:57:42.087 [info] Got 1 sessions for ...
2025-12-27 20:57:42.088 [info] Getting sessions for all scopes...
2025-12-27 20:57:42.088 [info] Got 1 sessions for ...
2025-12-27 20:57:42.088 [info] Getting sessions for all scopes...
2025-12-27 20:57:42.088 [info] Got 1 sessions for ...
2025-12-27 20:57:42.088 [info] Getting sessions for all scopes...
2025-12-27 20:57:42.088 [info] Got 1 sessions for ...
2025-12-27 20:57:42.088 [info] Getting sessions for all scopes...
2025-12-27 20:57:42.088 [info] Got 1 sessions for ...
2025-12-27 20:57:42.088 [info] Getting sessions for all scopes...
2025-12-27 20:57:42.088 [info] Got 1 sessions for ...
2025-12-27 20:57:43.146 [info] Getting sessions for read:user,repo,user:email,workflow...
2025-12-27 20:57:43.146 [info] Got 0 sessions for read:user,repo,user:email,workflow...
2025-12-27 20:57:43.963 [info] Getting sessions for all scopes...
2025-12-27 20:57:43.963 [info] Got 1 sessions for ...
2025-12-27 20:58:20.304 [info] Reading sessions from keychain...
2025-12-27 20:58:20.304 [info] Got stored sessions!
2025-12-27 20:58:20.304 [info] Got 1 verified sessions.
2025-12-27 20:58:20.304 [info] Getting sessions for all scopes...
2025-12-27 20:58:20.304 [info] Got 1 sessions for ...
2025-12-27 20:58:20.304 [info] Getting sessions for all scopes...
2025-12-27 20:58:20.304 [info] Got 1 sessions for ...
2025-12-27 20:58:20.304 [info] Getting sessions for all scopes...
2025-12-27 20:58:20.304 [info] Got 1 sessions for ...
2025-12-27 20:58:20.304 [info] Getting sessions for all scopes...
2025-12-27 20:58:20.304 [info] Got 1 sessions for ...
2025-12-27 20:58:20.304 [info] Getting sessions for all scopes...
2025-12-27 20:58:20.304 [info] Got 1 sessions for ...
2025-12-27 20:58:21.048 [info] Getting sessions for read:user,repo,user:email,workflow...
2025-12-27 20:58:21.048 [info] Got 0 sessions for read:user,repo,user:email,workflow...
