2025-12-27 19:23:36.505 [info] [main] Log level: Info
2025-12-27 19:23:36.505 [info] [main] Validating found git in: "git"
2025-12-27 19:23:36.505 [info] [main] Using git "2.52.0" from "git"
2025-12-27 19:23:36.505 [info] [Model][doInitialScan] Initial repository scan started
2025-12-27 19:23:36.505 [info] > git rev-parse --show-toplevel [15ms]
2025-12-27 19:23:36.505 [info] > git rev-parse --git-dir --git-common-dir --show-superproject-working-tree [192ms]
2025-12-27 19:23:36.505 [info] [Model][openRepository] Opened repository (path): /home/thinker/stretchly-fontchange
2025-12-27 19:23:36.505 [info] [Model][openRepository] Opened repository (real path): /home/thinker/stretchly-fontchange
2025-12-27 19:23:36.505 [info] [Model][openRepository] Opened repository (kind): repository
2025-12-27 19:23:36.509 [info] > git rev-parse --show-toplevel [8ms]
2025-12-27 19:23:36.509 [info] > git config --get commit.template [11ms]
2025-12-27 19:23:36.646 [info] > git for-each-ref --format=%(refname)%00%(upstream:short)%00%(objectname)%00%(upstream:track)%00%(upstream:remotename)%00%(upstream:remoteref) refs/heads/trunk refs/remotes/trunk [118ms]
2025-12-27 19:23:36.658 [warning] [Git][revParse] Unable to read file: ENOENT: no such file or directory, open '/home/thinker/stretchly-fontchange/.git/refs/remotes/origin/trunk'
2025-12-27 19:23:36.666 [info] > git rev-parse --show-toplevel [22ms]
2025-12-27 19:23:36.675 [info] > git rev-parse refs/remotes/origin/trunk [17ms]
2025-12-27 19:23:36.683 [info] > git for-each-ref --sort -committerdate --format %(refname)%00%(objectname)%00%(*objectname) [3ms]
2025-12-27 19:23:36.683 [info] > git rev-parse --show-toplevel [9ms]
2025-12-27 19:23:36.698 [info] > git rev-parse --show-toplevel [7ms]
2025-12-27 19:23:36.702 [info] > git rev-parse --show-toplevel [2ms]
2025-12-27 19:23:36.705 [info] > git rev-parse --show-toplevel [1ms]
2025-12-27 19:23:36.707 [info] > git rev-parse --show-toplevel [0ms]
2025-12-27 19:23:36.711 [info] > git rev-parse --show-toplevel [0ms]
2025-12-27 19:23:36.714 [info] > git rev-parse --show-toplevel [1ms]
2025-12-27 19:23:36.714 [info] [Model][doInitialScan] Initial repository scan completed - repositories (1), closed repositories (0), parent repositories (0), unsafe repositories (0)
2025-12-27 19:23:36.717 [info] > git status -z -uall [40ms]
2025-12-27 19:23:36.729 [info] > git for-each-ref --format=%(refname)%00%(upstream:short)%00%(objectname)%00%(upstream:track)%00%(upstream:remotename)%00%(upstream:remoteref) refs/heads/trunk refs/remotes/trunk [4ms]
2025-12-27 19:23:36.733 [info] > git config --get --local branch.trunk.vscode-merge-base [2ms]
2025-12-27 19:23:36.735 [info] > git config --get commit.template [6ms]
2025-12-27 19:23:36.738 [info] > git for-each-ref --format=%(refname)%00%(upstream:short)%00%(objectname)%00%(upstream:track)%00%(upstream:remotename)%00%(upstream:remoteref) refs/heads/origin/trunk refs/remotes/origin/trunk [3ms]
2025-12-27 19:23:36.742 [info] > git for-each-ref --format=%(refname)%00%(upstream:short)%00%(objectname)%00%(upstream:track)%00%(upstream:remotename)%00%(upstream:remoteref) refs/heads/trunk refs/remotes/trunk [4ms]
2025-12-27 19:23:36.744 [warning] [Git][revParse] Unable to read file: ENOENT: no such file or directory, open '/home/thinker/stretchly-fontchange/.git/refs/remotes/origin/trunk'
2025-12-27 19:23:36.744 [info] > git merge-base refs/heads/trunk refs/remotes/origin/trunk [3ms]
2025-12-27 19:23:36.747 [info] > git rev-parse refs/remotes/origin/trunk [3ms]
2025-12-27 19:23:36.751 [info] > git diff --name-status -z --diff-filter=ADMR --find-renames=50% 54b9c3da9b2073eee2e8940c4e4d7930c7589d01...refs/remotes/origin/trunk -- [5ms]
2025-12-27 19:23:36.752 [info] > git for-each-ref --sort -committerdate --format %(refname)%00%(objectname)%00%(*objectname) [1ms]
2025-12-27 19:23:36.785 [info] > git status -z -uall [37ms]
2025-12-27 19:23:36.859 [info] > git show --textconv :app/css/normalize.css [2ms]
2025-12-27 19:23:36.860 [info] > git ls-files --stage -- app/css/normalize.css [1ms]
2025-12-27 19:23:36.863 [info] > git cat-file -s 192eb9ce43389039996bc2e9344c5bb14b730d72 [1ms]
2025-12-27 19:23:36.892 [info] > git blame --root --incremental 54b9c3da9b2073eee2e8940c4e4d7930c7589d01 -- app/css/normalize.css [7ms]
2025-12-27 19:23:37.008 [info] > git check-ignore -v -z --stdin [2ms]
2025-12-27 19:23:37.075 [info] > git fetch [606ms]
2025-12-27 19:23:37.081 [info] > git config --get commit.template [3ms]
2025-12-27 19:23:37.081 [info] > git for-each-ref --format=%(refname)%00%(upstream:short)%00%(objectname)%00%(upstream:track)%00%(upstream:remotename)%00%(upstream:remoteref) refs/heads/trunk refs/remotes/trunk [1ms]
2025-12-27 19:23:37.083 [warning] [Git][revParse] Unable to read file: ENOENT: no such file or directory, open '/home/thinker/stretchly-fontchange/.git/refs/remotes/origin/trunk'
2025-12-27 19:23:37.084 [info] > git rev-parse refs/remotes/origin/trunk [1ms]
2025-12-27 19:23:37.090 [info] > git for-each-ref --sort -committerdate --format %(refname)%00%(objectname)%00%(*objectname) [1ms]
2025-12-27 19:23:37.123 [info] > git status -z -uall [37ms]
2025-12-27 19:23:38.155 [info] > git config --get commit.template [3ms]
2025-12-27 19:23:38.156 [info] > git for-each-ref --format=%(refname)%00%(upstream:short)%00%(objectname)%00%(upstream:track)%00%(upstream:remotename)%00%(upstream:remoteref) refs/heads/trunk refs/remotes/trunk [1ms]
2025-12-27 19:23:38.158 [warning] [Git][revParse] Unable to read file: ENOENT: no such file or directory, open '/home/thinker/stretchly-fontchange/.git/refs/remotes/origin/trunk'
2025-12-27 19:23:38.159 [info] > git rev-parse refs/remotes/origin/trunk [1ms]
2025-12-27 19:23:38.164 [info] > git for-each-ref --sort -committerdate --format %(refname)%00%(objectname)%00%(*objectname) [1ms]
2025-12-27 19:23:38.196 [info] > git status -z -uall [35ms]
2025-12-27 19:23:38.254 [info] > git ls-files --stage -- app/css/normalize.css [1ms]
2025-12-27 19:23:38.257 [info] > git cat-file -s 192eb9ce43389039996bc2e9344c5bb14b730d72 [1ms]
2025-12-27 19:23:38.261 [info] > git show --textconv :app/css/normalize.css [1ms]
2025-12-27 19:23:38.903 [info] > git show --textconv :app/css/commons.css [3ms]
2025-12-27 19:23:38.904 [info] > git ls-files --stage -- app/css/commons.css [1ms]
2025-12-27 19:23:38.907 [info] > git cat-file -s 992434eb273d5e680b2c72e0525319d06d95b9be [1ms]
2025-12-27 19:23:38.960 [info] > git blame --root --incremental 54b9c3da9b2073eee2e8940c4e4d7930c7589d01 -- app/css/commons.css [8ms]
2025-12-27 19:23:39.337 [info] > git show --textconv :app/css/contributor.css [2ms]
2025-12-27 19:23:39.338 [info] > git ls-files --stage -- app/css/contributor.css [1ms]
2025-12-27 19:23:39.341 [info] > git cat-file -s 419cd27fc9142c5200980d89ffeedf8dadbae863 [1ms]
2025-12-27 19:23:39.693 [info] > git show --textconv :app/css/normalize.css [3ms]
2025-12-27 19:23:39.693 [info] > git ls-files --stage -- app/css/normalize.css [1ms]
2025-12-27 19:23:39.697 [info] > git cat-file -s 192eb9ce43389039996bc2e9344c5bb14b730d72 [1ms]
2025-12-27 19:23:40.078 [info] > git show --textconv :app/css/commons.css [2ms]
2025-12-27 19:23:40.079 [info] > git ls-files --stage -- app/css/commons.css [1ms]
2025-12-27 19:23:40.082 [info] > git cat-file -s 992434eb273d5e680b2c72e0525319d06d95b9be [1ms]
2025-12-27 19:23:41.415 [info] > git show --textconv :app/css/welcome.css [3ms]
2025-12-27 19:23:41.416 [info] > git ls-files --stage -- app/css/welcome.css [1ms]
2025-12-27 19:23:41.419 [info] > git cat-file -s 57d33d25e1d760b67cbd92ec0207fecc646cce27 [1ms]
2025-12-27 19:23:42.244 [info] > git show --textconv :app/css/preferences.css [2ms]
2025-12-27 19:23:42.245 [info] > git ls-files --stage -- app/css/preferences.css [1ms]
2025-12-27 19:23:42.248 [info] > git cat-file -s 36579cd8349fdf3418b2801ed243297b1a83bbfa [1ms]
2025-12-27 19:23:42.942 [info] > git show --textconv :app/css/commons.css [3ms]
2025-12-27 19:23:42.942 [info] > git ls-files --stage -- app/css/commons.css [1ms]
2025-12-27 19:23:42.945 [info] > git cat-file -s 992434eb273d5e680b2c72e0525319d06d95b9be [1ms]
2025-12-27 19:33:02.352 [info] > git fetch [624ms]
2025-12-27 19:33:02.359 [info] > git config --get commit.template [3ms]
2025-12-27 19:33:02.359 [info] > git for-each-ref --format=%(refname)%00%(upstream:short)%00%(objectname)%00%(upstream:track)%00%(upstream:remotename)%00%(upstream:remoteref) refs/heads/trunk refs/remotes/trunk [1ms]
2025-12-27 19:33:02.362 [warning] [Git][revParse] Unable to read file: ENOENT: no such file or directory, open '/home/thinker/stretchly-fontchange/.git/refs/remotes/origin/trunk'
2025-12-27 19:33:02.363 [info] > git rev-parse refs/remotes/origin/trunk [1ms]
2025-12-27 19:33:02.368 [info] > git for-each-ref --sort -committerdate --format %(refname)%00%(objectname)%00%(*objectname) [1ms]
2025-12-27 19:33:02.401 [info] > git status -z -uall [36ms]
2025-12-27 19:53:58.420 [info] > git config --get commit.template [1ms]
2025-12-27 19:53:58.427 [info] > git ls-files --stage -- app/css/commons.css [4ms]
2025-12-27 19:53:58.430 [info] > git for-each-ref --format=%(refname)%00%(upstream:short)%00%(objectname)%00%(upstream:track)%00%(upstream:remotename)%00%(upstream:remoteref) refs/heads/trunk refs/remotes/trunk [4ms]
2025-12-27 19:53:58.433 [warning] [Git][revParse] Unable to read file: ENOENT: no such file or directory, open '/home/thinker/stretchly-fontchange/.git/refs/remotes/origin/trunk'
2025-12-27 19:53:58.433 [info] > git cat-file -s 992434eb273d5e680b2c72e0525319d06d95b9be [4ms]
2025-12-27 19:53:58.433 [info] > git rev-parse refs/remotes/origin/trunk [0ms]
2025-12-27 19:53:58.442 [info] > git for-each-ref --sort -committerdate --format %(refname)%00%(objectname)%00%(*objectname) [3ms]
2025-12-27 19:53:58.443 [info] > git show --textconv :app/css/commons.css [1ms]
2025-12-27 19:53:58.472 [info] > git status -z -uall [36ms]
2025-12-27 19:53:59.035 [info] > git fetch [620ms]
2025-12-27 19:53:59.041 [info] > git config --get commit.template [3ms]
2025-12-27 19:53:59.042 [info] > git for-each-ref --format=%(refname)%00%(upstream:short)%00%(objectname)%00%(upstream:track)%00%(upstream:remotename)%00%(upstream:remoteref) refs/heads/trunk refs/remotes/trunk [1ms]
2025-12-27 19:53:59.044 [warning] [Git][revParse] Unable to read file: ENOENT: no such file or directory, open '/home/thinker/stretchly-fontchange/.git/refs/remotes/origin/trunk'
2025-12-27 19:53:59.045 [info] > git rev-parse refs/remotes/origin/trunk [1ms]
2025-12-27 19:53:59.051 [info] > git for-each-ref --sort -committerdate --format %(refname)%00%(objectname)%00%(*objectname) [1ms]
2025-12-27 19:53:59.083 [info] > git status -z -uall [36ms]
2025-12-27 19:57:29.760 [info] > git config --get commit.template [5ms]
2025-12-27 19:57:29.762 [info] > git ls-files --stage -- app/css/commons.css [3ms]
2025-12-27 19:57:29.769 [info] > git cat-file -s 992434eb273d5e680b2c72e0525319d06d95b9be [4ms]
2025-12-27 19:57:29.770 [info] > git for-each-ref --format=%(refname)%00%(upstream:short)%00%(objectname)%00%(upstream:track)%00%(upstream:remotename)%00%(upstream:remoteref) refs/heads/trunk refs/remotes/trunk [1ms]
2025-12-27 19:57:29.773 [warning] [Git][revParse] Unable to read file: ENOENT: no such file or directory, open '/home/thinker/stretchly-fontchange/.git/refs/remotes/origin/trunk'
2025-12-27 19:57:29.773 [info] > git rev-parse refs/remotes/origin/trunk [0ms]
2025-12-27 19:57:29.780 [info] > git for-each-ref --sort -committerdate --format %(refname)%00%(objectname)%00%(*objectname) [1ms]
2025-12-27 19:57:29.787 [info] > git show --textconv :app/css/commons.css [2ms]
2025-12-27 19:57:29.818 [info] > git status -z -uall [42ms]
2025-12-27 19:57:30.374 [info] > git fetch [623ms]
2025-12-27 19:57:30.381 [info] > git config --get commit.template [3ms]
2025-12-27 19:57:30.381 [info] > git for-each-ref --format=%(refname)%00%(upstream:short)%00%(objectname)%00%(upstream:track)%00%(upstream:remotename)%00%(upstream:remoteref) refs/heads/trunk refs/remotes/trunk [1ms]
2025-12-27 19:57:30.384 [warning] [Git][revParse] Unable to read file: ENOENT: no such file or directory, open '/home/thinker/stretchly-fontchange/.git/refs/remotes/origin/trunk'
2025-12-27 19:57:30.385 [info] > git rev-parse refs/remotes/origin/trunk [1ms]
2025-12-27 19:57:30.391 [info] > git for-each-ref --sort -committerdate --format %(refname)%00%(objectname)%00%(*objectname) [1ms]
2025-12-27 19:57:30.430 [info] > git status -z -uall [43ms]
2025-12-27 19:57:45.983 [info] > git config --get commit.template [1954ms]
2025-12-27 19:57:46.375 [info] > git ls-files --stage -- app/css/commons.css [2338ms]
2025-12-27 19:57:46.390 [info] > git cat-file -s 992434eb273d5e680b2c72e0525319d06d95b9be [9ms]
2025-12-27 19:57:46.393 [info] > git for-each-ref --format=%(refname)%00%(upstream:short)%00%(objectname)%00%(upstream:track)%00%(upstream:remotename)%00%(upstream:remoteref) refs/heads/trunk refs/remotes/trunk [4ms]
2025-12-27 19:57:46.401 [warning] [Git][revParse] Unable to read file: ENOENT: no such file or directory, open '/home/thinker/stretchly-fontchange/.git/refs/remotes/origin/trunk'
2025-12-27 19:57:46.408 [info] > git show --textconv :app/css/commons.css [3ms]
2025-12-27 19:57:46.408 [info] > git rev-parse refs/remotes/origin/trunk [7ms]
2025-12-27 19:57:46.422 [info] > git for-each-ref --sort -committerdate --format %(refname)%00%(objectname)%00%(*objectname) [6ms]
2025-12-27 19:57:53.426 [info] > git status -z -uall [7014ms]
2025-12-27 20:01:24.930 [info] > git fetch [617ms]
2025-12-27 20:01:24.938 [info] > git config --get commit.template [3ms]
2025-12-27 20:01:24.939 [info] > git for-each-ref --format=%(refname)%00%(upstream:short)%00%(objectname)%00%(upstream:track)%00%(upstream:remotename)%00%(upstream:remoteref) refs/heads/trunk refs/remotes/trunk [1ms]
2025-12-27 20:01:24.942 [warning] [Git][revParse] Unable to read file: ENOENT: no such file or directory, open '/home/thinker/stretchly-fontchange/.git/refs/remotes/origin/trunk'
2025-12-27 20:01:24.942 [info] > git rev-parse refs/remotes/origin/trunk [0ms]
2025-12-27 20:01:24.949 [info] > git for-each-ref --sort -committerdate --format %(refname)%00%(objectname)%00%(*objectname) [1ms]
2025-12-27 20:01:24.987 [info] > git status -z -uall [42ms]
2025-12-27 20:02:49.165 [info] > git config --get commit.template [6395ms]
2025-12-27 20:02:49.180 [info] > git ls-files --stage -- app/css/commons.css [6403ms]
2025-12-27 20:02:49.190 [info] > git cat-file -s 992434eb273d5e680b2c72e0525319d06d95b9be [4ms]
2025-12-27 20:02:49.191 [info] > git for-each-ref --format=%(refname)%00%(upstream:short)%00%(objectname)%00%(upstream:track)%00%(upstream:remotename)%00%(upstream:remoteref) refs/heads/trunk refs/remotes/trunk [2ms]
2025-12-27 20:02:49.194 [warning] [Git][revParse] Unable to read file: ENOENT: no such file or directory, open '/home/thinker/stretchly-fontchange/.git/refs/remotes/origin/trunk'
2025-12-27 20:02:49.195 [info] > git rev-parse refs/remotes/origin/trunk [1ms]
2025-12-27 20:02:49.215 [info] > git for-each-ref --sort -committerdate --format %(refname)%00%(objectname)%00%(*objectname) [7ms]
2025-12-27 20:02:49.216 [info] > git show --textconv :app/css/commons.css [2ms]
2025-12-27 20:02:49.251 [info] > git status -z -uall [51ms]
2025-12-27 20:11:07.115 [info] > git fetch [613ms]
2025-12-27 20:11:07.123 [info] > git config --get commit.template [4ms]
2025-12-27 20:11:07.123 [info] > git for-each-ref --format=%(refname)%00%(upstream:short)%00%(objectname)%00%(upstream:track)%00%(upstream:remotename)%00%(upstream:remoteref) refs/heads/trunk refs/remotes/trunk [1ms]
2025-12-27 20:11:07.126 [warning] [Git][revParse] Unable to read file: ENOENT: no such file or directory, open '/home/thinker/stretchly-fontchange/.git/refs/remotes/origin/trunk'
2025-12-27 20:11:07.127 [info] > git rev-parse refs/remotes/origin/trunk [1ms]
2025-12-27 20:11:07.133 [info] > git for-each-ref --sort -committerdate --format %(refname)%00%(objectname)%00%(*objectname) [1ms]
2025-12-27 20:11:07.170 [info] > git status -z -uall [41ms]
2025-12-27 20:11:14.195 [info] > git config --get commit.template [6ms]
2025-12-27 20:11:14.199 [info] > git ls-files --stage -- app/css/commons.css [5ms]
2025-12-27 20:11:14.203 [info] > git for-each-ref --format=%(refname)%00%(upstream:short)%00%(objectname)%00%(upstream:track)%00%(upstream:remotename)%00%(upstream:remoteref) refs/heads/trunk refs/remotes/trunk [4ms]
2025-12-27 20:11:14.205 [warning] [Git][revParse] Unable to read file: ENOENT: no such file or directory, open '/home/thinker/stretchly-fontchange/.git/refs/remotes/origin/trunk'
2025-12-27 20:11:14.206 [info] > git cat-file -s 992434eb273d5e680b2c72e0525319d06d95b9be [4ms]
2025-12-27 20:11:14.207 [info] > git rev-parse refs/remotes/origin/trunk [2ms]
2025-12-27 20:11:14.218 [info] > git for-each-ref --sort -committerdate --format %(refname)%00%(objectname)%00%(*objectname) [3ms]
2025-12-27 20:11:14.219 [info] > git show --textconv :app/css/commons.css [1ms]
2025-12-27 20:11:14.250 [info] > git status -z -uall [39ms]
2025-12-27 20:15:04.385 [info] > git fetch [621ms]
2025-12-27 20:15:04.391 [info] > git config --get commit.template [3ms]
2025-12-27 20:15:04.392 [info] > git for-each-ref --format=%(refname)%00%(upstream:short)%00%(objectname)%00%(upstream:track)%00%(upstream:remotename)%00%(upstream:remoteref) refs/heads/trunk refs/remotes/trunk [1ms]
2025-12-27 20:15:04.394 [warning] [Git][revParse] Unable to read file: ENOENT: no such file or directory, open '/home/thinker/stretchly-fontchange/.git/refs/remotes/origin/trunk'
2025-12-27 20:15:04.395 [info] > git rev-parse refs/remotes/origin/trunk [1ms]
2025-12-27 20:15:04.400 [info] > git for-each-ref --sort -committerdate --format %(refname)%00%(objectname)%00%(*objectname) [1ms]
2025-12-27 20:15:04.434 [info] > git status -z -uall [37ms]
2025-12-27 20:15:05.468 [info] > git for-each-ref --format=%(refname)%00%(upstream:short)%00%(objectname)%00%(upstream:track)%00%(upstream:remotename)%00%(upstream:remoteref) refs/heads/trunk refs/remotes/trunk [3ms]
2025-12-27 20:15:05.469 [info] > git config --get commit.template [5ms]
2025-12-27 20:15:05.471 [warning] [Git][revParse] Unable to read file: ENOENT: no such file or directory, open '/home/thinker/stretchly-fontchange/.git/refs/remotes/origin/trunk'
2025-12-27 20:15:05.471 [info] > git rev-parse refs/remotes/origin/trunk [0ms]
2025-12-27 20:15:05.477 [info] > git for-each-ref --sort -committerdate --format %(refname)%00%(objectname)%00%(*objectname) [1ms]
2025-12-27 20:15:05.508 [info] > git status -z -uall [34ms]
2025-12-27 20:15:05.563 [info] > git ls-files --stage -- app/css/commons.css [1ms]
2025-12-27 20:15:05.567 [info] > git cat-file -s 992434eb273d5e680b2c72e0525319d06d95b9be [1ms]
2025-12-27 20:15:05.570 [info] > git show --textconv :app/css/commons.css [1ms]
2025-12-27 20:15:07.465 [info] > git show --textconv :app/css/preferences.css [3ms]
2025-12-27 20:15:07.466 [info] > git ls-files --stage -- app/css/preferences.css [1ms]
2025-12-27 20:15:07.469 [info] > git cat-file -s 36579cd8349fdf3418b2801ed243297b1a83bbfa [1ms]
2025-12-27 20:15:07.999 [info] > git check-ignore -v -z --stdin [1ms]
2025-12-27 20:15:09.138 [info] > git show --textconv :app/css/color-scheme.css [4ms]
2025-12-27 20:15:09.139 [info] > git ls-files --stage -- app/css/color-scheme.css [1ms]
2025-12-27 20:15:09.143 [info] > git cat-file -s 75a483a414b14631423351e38c9fad69ef2a50ad [0ms]
2025-12-27 20:15:09.155 [info] > git blame --root --incremental 54b9c3da9b2073eee2e8940c4e4d7930c7589d01 -- app/css/color-scheme.css [7ms]
2025-12-27 20:15:09.674 [info] > git check-ignore -v -z --stdin [1ms]
2025-12-27 20:15:10.516 [info] > git config --get commit.template [3ms]
2025-12-27 20:15:10.517 [info] > git for-each-ref --format=%(refname)%00%(upstream:short)%00%(objectname)%00%(upstream:track)%00%(upstream:remotename)%00%(upstream:remoteref) refs/heads/trunk refs/remotes/trunk [2ms]
2025-12-27 20:15:10.519 [warning] [Git][revParse] Unable to read file: ENOENT: no such file or directory, open '/home/thinker/stretchly-fontchange/.git/refs/remotes/origin/trunk'
2025-12-27 20:15:10.520 [info] > git rev-parse refs/remotes/origin/trunk [1ms]
2025-12-27 20:15:10.525 [info] > git for-each-ref --sort -committerdate --format %(refname)%00%(objectname)%00%(*objectname) [1ms]
2025-12-27 20:15:10.557 [info] > git status -z -uall [35ms]
2025-12-27 20:15:10.898 [info] > git show --textconv :app/css/break.css [3ms]
2025-12-27 20:15:10.899 [info] > git ls-files --stage -- app/css/break.css [1ms]
2025-12-27 20:15:10.902 [info] > git cat-file -s d41dba0029a4a85ca639710393f80d234fd5646a [1ms]
2025-12-27 20:15:11.396 [info] > git check-ignore -v -z --stdin [1ms]
2025-12-27 20:15:12.593 [info] > git check-ignore -v -z --stdin [2ms]
