2025-12-27 19:23:36.689 [info] /home/thinker/.config/VSCodium/User/settings.json closed
2025-12-27 19:23:36.689 [info] /home/thinker/.config/VSCodium/User/settings.json closed
2025-12-27 19:23:37.510 [info] Configuration changed
2025-12-27 19:23:37.545 [info] /home/thinker/.config/VSCodium/User/settings.json closed
2025-12-27 19:23:37.548 [info] /home/thinker/.config/VSCodium/User/settings.json closed
2025-12-27 19:23:37.564 [info] /home/thinker/.config/VSCodium/User/settings.json closed
2025-12-27 19:23:38.695 [info] Active editor: file:///home/thinker/stretchly-fontchange/app/css/commons.css
2025-12-27 19:23:38.714 [info] /home/thinker/stretchly-fontchange/app/css/normalize.css.git closed
2025-12-27 19:23:39.118 [info] /home/thinker/stretchly-fontchange/app/css/normalize.css closed
2025-12-27 19:23:39.132 [info] Active editor: file:///home/thinker/stretchly-fontchange/app/css/contributor.css
2025-12-27 19:23:39.141 [info] /home/thinker/stretchly-fontchange/app/css/commons.css.git closed
2025-12-27 19:23:39.476 [info] /home/thinker/stretchly-fontchange/app/css/contributor.css closed
2025-12-27 19:23:39.488 [info] Active editor: file:///home/thinker/stretchly-fontchange/app/css/normalize.css
2025-12-27 19:23:39.491 [info] /home/thinker/stretchly-fontchange/app/css/contributor.css.git closed
2025-12-27 19:23:39.872 [info] Active editor: file:///home/thinker/stretchly-fontchange/app/css/commons.css
2025-12-27 19:23:39.878 [info] /home/thinker/stretchly-fontchange/app/css/normalize.css.git closed
2025-12-27 19:23:41.197 [info] /home/thinker/stretchly-fontchange/app/css/normalize.css closed
2025-12-27 19:23:41.208 [info] Active editor: file:///home/thinker/stretchly-fontchange/app/css/welcome.css
2025-12-27 19:23:41.213 [info] /home/thinker/stretchly-fontchange/app/css/commons.css.git closed
2025-12-27 19:23:42.028 [info] /home/thinker/stretchly-fontchange/app/css/welcome.css closed
2025-12-27 19:23:42.038 [info] Active editor: file:///home/thinker/stretchly-fontchange/app/css/preferences.css
2025-12-27 19:23:42.078 [info] /home/thinker/stretchly-fontchange/app/css/welcome.css.git closed
2025-12-27 19:23:42.735 [info] Active editor: file:///home/thinker/stretchly-fontchange/app/css/commons.css
2025-12-27 19:23:42.741 [info] /home/thinker/stretchly-fontchange/app/css/preferences.css.git closed
2025-12-27 19:24:43.571 [info] /home/thinker/.config/VSCodium/User/settings.json closed
2025-12-27 19:24:43.577 [info] /home/thinker/.config/VSCodium/User/settings.json closed
2025-12-27 19:24:43.589 [info] /home/thinker/.config/VSCodium/User/settings.json closed
2025-12-27 19:26:24.810 [info] /home/thinker/.config/VSCodium/User/settings.json closed
2025-12-27 19:26:24.814 [info] /home/thinker/.config/VSCodium/User/settings.json closed
2025-12-27 19:26:24.827 [info] /home/thinker/.config/VSCodium/User/settings.json closed
2025-12-27 19:26:25.598 [info] /home/thinker/.config/VSCodium/User/settings.json closed
2025-12-27 19:26:25.603 [info] /home/thinker/.config/VSCodium/User/settings.json closed
2025-12-27 19:26:25.605 [info] /home/thinker/.config/VSCodium/User/settings.json closed
2025-12-27 19:26:33.214 [info] /home/thinker/.config/VSCodium/User/settings.json closed
2025-12-27 19:26:33.228 [info] /home/thinker/.config/VSCodium/User/settings.json closed
2025-12-27 19:26:33.231 [info] /home/thinker/.config/VSCodium/User/settings.json closed
2025-12-27 19:26:41.673 [info] /home/thinker/stretchly-fontchange/package.json closed
2025-12-27 19:33:01.730 [info] /home/thinker/.config/VSCodium/User/settings.json closed
2025-12-27 19:33:01.737 [info] /home/thinker/.config/VSCodium/User/settings.json closed
2025-12-27 19:33:01.745 [info] /home/thinker/.config/VSCodium/User/settings.json closed
2025-12-27 19:44:07.113 [info] Configuration changed
2025-12-27 19:44:07.153 [info] /home/thinker/.config/VSCodium/User/settings.json closed
2025-12-27 19:44:07.167 [info] /home/thinker/.config/VSCodium/User/settings.json closed
2025-12-27 19:44:07.173 [info] /home/thinker/.config/VSCodium/User/settings.json closed
2025-12-27 19:44:49.873 [info] Configuration changed
2025-12-27 19:44:49.881 [info] /home/thinker/.config/VSCodium/User/settings.json closed
2025-12-27 19:44:49.884 [info] /home/thinker/.config/VSCodium/User/settings.json closed
2025-12-27 19:44:49.887 [info] /home/thinker/.config/VSCodium/User/settings.json closed
2025-12-27 19:53:58.423 [info] /home/thinker/.config/VSCodium/User/settings.json closed
2025-12-27 19:53:58.430 [info] /home/thinker/.config/VSCodium/User/settings.json closed
2025-12-27 19:53:58.443 [info] /home/thinker/.config/VSCodium/User/settings.json closed
2025-12-27 19:57:29.761 [info] /home/thinker/.config/VSCodium/User/settings.json closed
2025-12-27 19:57:29.765 [info] /home/thinker/.config/VSCodium/User/settings.json closed
2025-12-27 19:57:29.786 [info] /home/thinker/.config/VSCodium/User/settings.json closed
2025-12-27 19:57:45.985 [info] /home/thinker/.config/VSCodium/User/settings.json closed
2025-12-27 19:57:45.986 [info] /home/thinker/.config/VSCodium/User/settings.json closed
2025-12-27 19:57:45.986 [info] /home/thinker/.config/VSCodium/User/settings.json closed
2025-12-27 19:58:10.053 [info] /home/thinker/.config/VSCodium/User/settings.json closed
2025-12-27 19:58:10.058 [info] /home/thinker/.config/VSCodium/User/settings.json closed
2025-12-27 19:58:10.077 [info] /home/thinker/.config/VSCodium/User/settings.json closed
2025-12-27 20:01:24.314 [info] /home/thinker/.config/VSCodium/User/settings.json closed
2025-12-27 20:01:24.319 [info] /home/thinker/.config/VSCodium/User/settings.json closed
2025-12-27 20:01:24.338 [info] /home/thinker/.config/VSCodium/User/settings.json closed
2025-12-27 20:02:49.167 [info] /home/thinker/.config/VSCodium/User/settings.json closed
2025-12-27 20:02:49.168 [info] /home/thinker/.config/VSCodium/User/settings.json closed
2025-12-27 20:02:49.168 [info] /home/thinker/.config/VSCodium/User/settings.json closed
2025-12-27 20:04:16.346 [info] /home/thinker/.config/VSCodium/User/settings.json closed
2025-12-27 20:04:16.367 [info] /home/thinker/.config/VSCodium/User/settings.json closed
2025-12-27 20:04:16.370 [info] /home/thinker/.config/VSCodium/User/settings.json closed
2025-12-27 20:11:06.958 [info] /home/thinker/.config/VSCodium/User/settings.json closed
2025-12-27 20:11:06.959 [info] /home/thinker/.config/VSCodium/User/settings.json closed
2025-12-27 20:11:06.959 [info] /home/thinker/.config/VSCodium/User/settings.json closed
2025-12-27 20:11:14.196 [info] /home/thinker/.config/VSCodium/User/settings.json closed
2025-12-27 20:11:14.215 [info] /home/thinker/.config/VSCodium/User/settings.json closed
2025-12-27 20:11:14.221 [info] /home/thinker/.config/VSCodium/User/settings.json closed
2025-12-27 20:11:14.562 [info] /home/thinker/.config/VSCodium/User/settings.json closed
2025-12-27 20:11:14.565 [info] /home/thinker/.config/VSCodium/User/settings.json closed
2025-12-27 20:11:14.568 [info] /home/thinker/.config/VSCodium/User/settings.json closed
2025-12-27 20:11:29.791 [info] /home/thinker/.config/VSCodium/User/settings.json closed
2025-12-27 20:11:29.796 [info] /home/thinker/.config/VSCodium/User/settings.json closed
2025-12-27 20:11:29.806 [info] /home/thinker/.config/VSCodium/User/settings.json closed
2025-12-27 20:15:03.768 [info] /home/thinker/.config/VSCodium/User/settings.json closed
2025-12-27 20:15:03.776 [info] /home/thinker/.config/VSCodium/User/settings.json closed
2025-12-27 20:15:03.778 [info] /home/thinker/.config/VSCodium/User/settings.json closed
2025-12-27 20:15:04.909 [info] /home/thinker/.config/VSCodium/User/settings.json closed
2025-12-27 20:15:04.912 [info] /home/thinker/.config/VSCodium/User/settings.json closed
2025-12-27 20:15:04.915 [info] /home/thinker/.config/VSCodium/User/settings.json closed
2025-12-27 20:15:07.226 [info] Executing :wq
2025-12-27 20:15:07.252 [info] /home/thinker/stretchly-fontchange/app/css/commons.css closed
2025-12-27 20:15:07.252 [warning] getLineLength() called with out-of-bounds line 22
2025-12-27 20:15:07.252 [warning] invalid cursor position. [[22, 37] | [22, 37]].
2025-12-27 20:15:07.259 [info] Active editor: file:///home/thinker/stretchly-fontchange/app/css/preferences.css
2025-12-27 20:15:07.271 [info] /home/thinker/stretchly-fontchange/app/css/commons.css.git closed
2025-12-27 20:15:08.906 [info] Executing :wq
2025-12-27 20:15:08.923 [info] /home/thinker/stretchly-fontchange/app/css/preferences.css closed
2025-12-27 20:15:08.923 [warning] getLineLength() called with out-of-bounds line 0
2025-12-27 20:15:08.923 [warning] getLineLength() called with out-of-bounds line 0
2025-12-27 20:15:08.926 [info] Active editor: file:///home/thinker/stretchly-fontchange/app/css/color-scheme.css
2025-12-27 20:15:08.953 [info] /home/thinker/stretchly-fontchange/app/css/preferences.css.git closed
2025-12-27 20:15:10.625 [info] Executing :wq
2025-12-27 20:15:10.642 [info] /home/thinker/stretchly-fontchange/app/css/color-scheme.css closed
2025-12-27 20:15:10.642 [warning] getLineLength() called with out-of-bounds line 13
2025-12-27 20:15:10.642 [warning] invalid cursor position. [[13, 43] | [13, 43]].
2025-12-27 20:15:10.655 [info] Active editor: file:///home/thinker/stretchly-fontchange/app/css/break.css
2025-12-27 20:15:10.662 [info] /home/thinker/stretchly-fontchange/app/css/color-scheme.css.git closed
2025-12-27 20:15:11.825 [info] Executing :wq
2025-12-27 20:15:11.839 [info] /home/thinker/stretchly-fontchange/app/css/break.css closed
2025-12-27 20:15:11.839 [warning] getLineLength() called with out-of-bounds line 0
2025-12-27 20:15:11.839 [warning] getLineLength() called with out-of-bounds line 0
2025-12-27 20:15:11.856 [info] /home/thinker/stretchly-fontchange/app/css/break.css.git closed
